----part 1 start----
[ 2026-07-26T00:32:00.250    10203:  4745:  4745 I/LSPosedFramework ] (com.android.systemui)[com.lidesheng.hyperlyric,HyperLyric,1289-19f9a1e88fa-2-1,0,1] [HookEntry] 模块加载完成，当前应用版本1934-6.5
[ 2026-07-26T00:32:00.410    10203:  4745:  4745 I/LSPosedFramework ] (com.android.systemui)[com.lidesheng.hyperlyric,HyperLyric,1289-19f9a1e88fa-2-2,0,1] [IslandExpandedMediaAmbientFlowHooker] 展开态媒体流光 Hook 已初始化: methods=9
[ 2026-07-26T00:32:00.417    10203:  4745:  4745 I/LSPosedFramework ] (com.android.systemui)[com.lidesheng.hyperlyric,HyperLyric,1289-19f9a1e88fa-2-3,0,1] [NotificationMediaAmbientFlowHooker] 通知中心媒体流光 Hook 已初始化: methods=6
[ 2026-07-26T00:32:00.419    10203:  4745:  4745 I/LSPosedFramework ] (com.android.systemui)[com.lidesheng.hyperlyric,HyperLyric,1289-19f9a1e88fa-2-4,0,1] [NotificationMediaCoverStyleHooker] 通知中心媒体封面 Hook 已初始化: methods=5
[ 2026-07-26T00:32:00.426    10203:  4745:  4745 I/LSPosedFramework ] (com.android.systemui)[com.lidesheng.hyperlyric,HyperLyric,1289-19f9a1e88fa-2-5,0,1] [HookEntry] 超级岛歌词模式: mode=0
[ 2026-07-26T00:32:00.483    10203:  4745:  4745 E/LSPosedFramework ] (com.android.systemui)[io.github.hyperisland,HyperIsland[UnlockAllFocusHook],1289-19f9a1e88fa-2-6,0,1] failed to hook canShowFocus — Didn't find class "miui.systemui.notification.NotificationSettingsManager" on path: DexPathList[[zip file "/system_ext/priv-app/MiuiSystemUI/MiuiSystemUI.apk"],nativeLibraryDirectories=[/system_ext/priv-app/MiuiSystemUI/lib/arm64, /system_ext/priv-app/MiuiSystemUI/MiuiSystemUI.apk!/lib/arm64-v8a, /system/lib64, /system_ext/lib64, /system_ext/app/miuisystem/miuisystem.apk!/lib/arm64-v8a, /system/lib64, /system_ext/lib64]]
[ 2026-07-26T00:32:00.484    10203:  4745:  4745 E/LSPosedFramework ] (com.android.systemui)[io.github.hyperisland,HyperIsland[UnlockAllFocusHook],1289-19f9a1e88fa-2-7,0,1] canCustomFocus not found (may be expected) — Didn't find class "miui.systemui.notification.NotificationSettingsManager" on path: DexPathList[[zip file "/system_ext/priv-app/MiuiSystemUI/MiuiSystemUI.apk"],nativeLibraryDirectories=[/system_ext/priv-app/MiuiSystemUI/lib/arm64, /system_ext/priv-app/MiuiSystemUI/MiuiSystemUI.apk!/lib/arm64-v8a, /system/lib64, /system_ext/lib64, /system_ext/app/miuisystem/miuisystem.apk!/lib/arm64-v8a, /system/lib64, /system_ext/lib64]]
[ 2026-07-26T00:32:00.706    10203:  4745:  4745 I/LSPosedFramework ] (com.android.systemui)[io.github.proify.lyricon.core,XposedBridge,1289-19f9a1e88fa-2-8,0,1] [Lyricon-Xposed] Hooking package: com.android.systemui (Process: com.android.systemui)
[ 2026-07-26T00:32:02.362    10203:  4745:  4745 I/LSPosedFramework ] (com.android.systemui)[com.lidesheng.hyperlyric,HyperLyric,1289-19f9a1e88fa-2-9,0,1] [SourceManager] 启动歌词源: Lyricon
[ 2026-07-26T00:32:02.376    10203:  4745:  4745 I/LSPosedFramework ] (com.android.systemui)[com.lidesheng.hyperlyric,HyperLyric,1289-19f9a1e88fa-2-a,0,1] [LyriconSource] 数据源已启动
[ 2026-07-26T00:32:02.376    10203:  4745:  4745 I/LSPosedFramework ] (com.android.systemui)[com.lidesheng.hyperlyric,HyperLyric,1289-19f9a1e88fa-2-b,0,1] [HookEntry] 系统环境初始化完成: enabled=true, source=Lyricon, mode=0
[ 2026-07-26T00:32:02.385    10203:  4745:  4745 W/LSPosedFramework ] (com.android.systemui)[io.github.hyperisland,HyperIsland[BluetoothIsland],1289-19f9a1e88fa-2-c,0,1] bluetooth receiver registered, enabled=true
[ 2026-07-26T00:32:02.392    10203:  4745:  4745 I/LSPosedFramework ] (com.android.systemui)[io.github.proify.lyricon.core,XposedBridge,1289-19f9a1e88fa-2-d,0,1] [Lyricon-Xposed] Lyricon BridgeCentral initialized successfully.
[ 2026-07-26T00:32:02.508    10167:  5693:  5693 E/LSPosedFramework ] (com.miui.misound)[com.sevtinge.hyperceiler,HyperCeiler,163d-19f9a1e91ca-2-1,0,1] [com.miui.misound][IncreaseSamplingRate]: hook com.miui.misound.mihearingassist.h.a failed by 
java.lang.ClassNotFoundException: com.miui.misound.mihearingassist.h
	at java.lang.Class.classForName(Native Method)
	at java.lang.Class.forName(Class.java:597)
	at io.github.kyuubiran.ezxhelper.core.util.ClassUtil.loadClass(Unknown Source:7)
	at io.github.kyuubiran.ezxhelper.core.util.ClassUtil.loadClass$default(Unknown Source:5)
	at com.sevtinge.hyperceiler.libhook.rules.misound.IncreaseSamplingRate.init(Unknown Source:89)
	at a5.initHook(Unknown Source:9)
	at a5.initHook(SourceFile:81)
	at com.sevtinge.hyperceiler.libhook.app.MiSound.onPackageLoaded(Unknown Source:37)
	at a5.a(Unknown Source:26)
	at a5.onLoad(SourceFile:74)
	at ip0.accept(Unknown Source:460)
	at java.util.HashMap.forEach(HashMap.java:1432)
	at jp0.b(Unknown Source:2144)
	at jp0.onPackageReady(Unknown Source:50)
	at t0.callOnPackageReady(r8-map-id-641cd0d9f3f2136e302270e7ebfbbc1eaeb97195335bb6679d8c71628db6c7ea:43)
	at t.intercept(r8-map-id-641cd0d9f3f2136e302270e7ebfbbc1eaeb97195335bb6679d8c71628db6c7ea:147)
	at k.proceed(r8-map-id-641cd0d9f3f2136e302270e7ebfbbc1eaeb97195335bb6679d8c71628db6c7ea:33)
	at android.graphics.SiedaitKoumeadCeamor.createOrUpdateClassLoaderLocked(SiedaitKoumeadCeamor.java)
	at android.app.LoadedApk.getClassLoader(LoadedApk.java:1221)
	at android.app.LoadedApk.getResources(LoadedApk.java:1480)
	at android.app.ContextImpl.createAppContext(ContextImpl.java:3509)
	at android.app.ContextImpl.createAppContext(ContextImpl.java:3500)
	at android.app.ActivityThread.handleBindApplication(ActivityThread.java:8535)
	at android.app.ActivityThread.-$$Nest$mhandleBindApplication(Unknown Source:0)
	at android.app.ActivityThread$H.handleMessage(ActivityThread.java:2826)
	at android.os.Handler.dispatchMessage(Handler.java:114)
	at android.os.Looper.loopOnce(Looper.java:274)
	at android.os.Looper.loop(Looper.java:369)
	at android.app.ActivityThread.main(ActivityThread.java:10089)
	at java.lang.reflect.Method.invoke(Native Method)
	at com.android.internal.os.RuntimeInit$MethodAndArgsCaller.run(RuntimeInit.java:616)
	at com.android.internal.os.ZygoteInit.main(ZygoteInit.java:1137)
Caused by: java.lang.ClassNotFoundException: com.miui.misound.mihearingassist.h
	... 32 more
[ 2026-07-26T00:32:02.508    10167:  5693:  5693 E/LSPosedFramework ] (com.miui.misound)[com.sevtinge.hyperceiler,HyperCeiler,163d-19f9a1e91ca-2-2,0,1] [com.miui.misound][IncreaseSamplingRate]: hook com.miui.misound.mihearingassist.h.b failed by 
java.lang.ClassNotFoundException: com.miui.misound.mihearingassist.h
	at java.lang.Class.classForName(Native Method)
	at java.lang.Class.forName(Class.java:597)
	at io.github.kyuubiran.ezxhelper.core.util.ClassUtil.loadClass(Unknown Source:7)
	at io.github.kyuubiran.ezxhelper.core.util.ClassUtil.loadClass$default(Unknown Source:5)
	at com.sevtinge.hyperceiler.libhook.rules.misound.IncreaseSamplingRate.init(Unknown Source:163)
	at a5.initHook(Unknown Source:9)
	at a5.initHook(SourceFile:81)
	at com.sevtinge.hyperceiler.libhook.app.MiSound.onPackageLoaded(Unknown Source:37)
	at a5.a(Unknown Source:26)
	at a5.onLoad(SourceFile:74)
	at ip0.accept(Unknown Source:460)
	at java.util.HashMap.forEach(HashMap.java:1432)
	at jp0.b(Unknown Source:2144)
	at jp0.onPackageReady(Unknown Source:50)
	at t0.callOnPackageReady(r8-map-id-641cd0d9f3f2136e302270e7ebfbbc1eaeb97195335bb6679d8c71628db6c7ea:43)
	at t.intercept(r8-map-id-641cd0d9f3f2136e302270e7ebfbbc1eaeb97195335bb6679d8c71628db6c7ea:147)
	at k.proceed(r8-map-id-641cd0d9f3f2136e302270e7ebfbbc1eaeb97195335bb6679d8c71628db6c7ea:33)
	at android.graphics.SiedaitKoumeadCeamor.createOrUpdateClassLoaderLocked(SiedaitKoumeadCeamor.java)
	at android.app.LoadedApk.getClassLoader(LoadedApk.java:1221)
	at android.app.LoadedApk.getResources(LoadedApk.java:1480)
	at android.app.ContextImpl.createAppContext(ContextImpl.java:3509)
	at android.app.ContextImpl.createAppContext(ContextImpl.java:3500)
	at android.app.ActivityThread.handleBindApplication(ActivityThread.java:8535)
	at android.app.ActivityThread.-$$Nest$mhandleBindApplication(Unknown Source:0)
	at android.app.ActivityThread$H.handleMessage(ActivityThread.java:2826)
	at android.os.Handler.dispatchMessage(Handler.java:114)
	at android.os.Looper.loopOnce(Looper.java:274)
	at android.os.Looper.loop(Looper.java:369)
	at android.app.ActivityThread.main(ActivityThread.java:10089)
	at java.lang.reflect.Method.invoke(Native Method)
	at com.android.internal.os.RuntimeInit$MethodAndArgsCaller.run(RuntimeInit.java:616)
	at com.android.internal.os.ZygoteInit.main(ZygoteInit.java:1137)
Caused by: java.lang.ClassNotFoundException: com.miui.misound.mihearingassist.h
	... 32 more
[ 2026-07-26T00:32:02.512    10167:  5693:  5693 E/LSPosedFramework ] (com.miui.misound)[com.sevtinge.hyperceiler,HyperCeiler,163d-19f9a1e91ca-2-3,0,1] [com.miui.misound][IncreaseSamplingRate]: hook com.miui.misound.mihearingassist.h.b failed by 
java.lang.ClassNotFoundException: com.miui.misound.mihearingassist.h
	at java.lang.Class.classForName(Native Method)
	at java.lang.Class.forName(Class.java:597)
	at io.github.kyuubiran.ezxhelper.core.util.ClassUtil.loadClass(Unknown Source:7)
	at io.github.kyuubiran.ezxhelper.core.util.ClassUtil.loadClass$default(Unknown Source:5)
	at com.sevtinge.hyperceiler.libhook.rules.misound.IncreaseSamplingRate.init(Unknown Source:485)
	at a5.initHook(Unknown Source:9)
	at a5.initHook(SourceFile:81)
	at com.sevtinge.hyperceiler.libhook.app.MiSound.onPackageLoaded(Unknown Source:37)
	at a5.a(Unknown Source:26)
	at a5.onLoad(SourceFile:74)
	at ip0.accept(Unknown Source:460)
	at java.util.HashMap.forEach(HashMap.java:1432)
	at jp0.b(Unknown Source:2144)
	at jp0.onPackageReady(Unknown Source:50)
	at t0.callOnPackageReady(r8-map-id-641cd0d9f3f2136e302270e7ebfbbc1eaeb97195335bb6679d8c71628db6c7ea:43)
	at t.intercept(r8-map-id-641cd0d9f3f2136e302270e7ebfbbc1eaeb97195335bb6679d8c71628db6c7ea:147)
	at k.proceed(r8-map-id-641cd0d9f3f2136e302270e7ebfbbc1eaeb97195335bb6679d8c71628db6c7ea:33)
	at android.graphics.SiedaitKoumeadCeamor.createOrUpdateClassLoaderLocked(SiedaitKoumeadCeamor.java)
	at android.app.LoadedApk.getClassLoader(LoadedApk.java:1221)
	at android.app.LoadedApk.getResources(LoadedApk.java:1480)
	at android.app.ContextImpl.createAppContext(ContextImpl.java:3509)
	at android.app.ContextImpl.createAppContext(ContextImpl.java:3500)
	at android.app.ActivityThread.handleBindApplication(ActivityThread.java:8535)
	at android.app.ActivityThread.-$$Nest$mhandleBindApplication(Unknown Source:0)
	at android.app.ActivityThread$H.handleMessage(ActivityThread.java:2826)
	at android.os.Handler.dispatchMessage(Handler.java:114)
	at android.os.Looper.loopOnce(Looper.java:274)
	at android.os.Looper.loop(Looper.java:369)
	at android.app.ActivityThread.main(ActivityThread.java:10089)
	at java.lang.reflect.Method.invoke(Native Method)
	at com.android.internal.os.RuntimeInit$MethodAndArgsCaller.run(RuntimeInit.java:616)
	at com.android.internal.os.ZygoteInit.main(ZygoteInit.java:1137)
Caused by: java.lang.ClassNotFoundException: com.miui.misound.mihearingassist.h
	... 32 more
[ 2026-07-26T00:32:02.915     1000:  5755:  5755 I/LSPosedFramework ] (miui.systemui.plugin:flashlight)[com.lidesheng.hyperlyric,HyperLyric,167b-19f9a1e9361-2-1,0,1] [HookEntry] 模块加载完成，当前应用版本1934-6.5
[ 2026-07-26T00:32:03.661    10203:  4745:  4745 I/LSPosedFramework ] (com.android.systemui)[com.lidesheng.hyperlyric,HyperLyric,1289-19f9a1e88fa-2-e,0,1] [HookIslandGlow] 媒体岛光效 Hook 已初始化: method=updateTemplate
[ 2026-07-26T00:32:03.669    10203:  4745:  4745 I/LSPosedFramework ] (com.android.systemui)[com.lidesheng.hyperlyric,HyperLyric,1289-19f9a1e88fa-2-f,0,1] [IslandProgressGlowHooker] 边缘光效进度条 Hook 已初始化
[ 2026-07-26T00:32:03.688    10203:  4745:  4745 I/LSPosedFramework ] (com.android.systemui)[com.lidesheng.hyperlyric,HyperLyric,1289-19f9a1e88fa-2-10,0,1] [IslandMusicWaveColorHooker] 音频律动封面色 Hook 已初始化
[ 2026-07-26T00:32:03.696    10203:  4745:  4745 I/LSPosedFramework ] (com.android.systemui)[com.lidesheng.hyperlyric,HyperLyric,1289-19f9a1e88fa-2-11,0,1] [IslandAlbumCoverStyleHooker] 超级岛封面样式 Hook 已初始化
[ 2026-07-26T00:32:03.696    10203:  4745:  4745 I/LSPosedFramework ] (com.android.systemui)[com.lidesheng.hyperlyric,HyperLyric,1289-19f9a1e88fa-2-12,0,1] [SystemUIHookRegistry] 超级岛 Hook 已初始化
[ 2026-07-26T00:32:03.809    10203:  4745:  4745 W/LSPosedFramework ] (com.android.systemui)[io.github.hyperisland,HyperIsland[BluetoothIsland],1289-19f9a1e88fa-2-13,0,1] received bluetooth broadcast: action=android.bluetooth.device.action.BATTERY_LEVEL_CHANGED enabled=true showDeviceName=true stored=false
[ 2026-07-26T00:32:03.809    10203:  4745:  4745 W/LSPosedFramework ] (com.android.systemui)[io.github.hyperisland,HyperIsland[BluetoothIsland],1289-19f9a1e88fa-2-14,0,1] resolve bluetooth device name: resolved=Xiaomi Focus Pen fromDevice=Xiaomi Focus Pen fromCache=null address=70:61:EE:B4:CD:04
[ 2026-07-26T00:32:03.809    10203:  4745:  4745 W/LSPosedFramework ] (com.android.systemui)[io.github.hyperisland,HyperIsland[BluetoothIsland],1289-19f9a1e88fa-2-15,0,1] bluetooth battery broadcast: battery=98 key=70:61:EE:B4:CD:04 deviceName=Xiaomi Focus Pen pendingNameRefresh=false
[ 2026-07-26T00:32:03.809    10203:  4745:  4745 W/LSPosedFramework ] (com.android.systemui)[io.github.hyperisland,HyperIsland[BluetoothIsland],1289-19f9a1e88fa-2-16,0,1] skip bluetooth battery update: connected=false battery=98 key=70:61:EE:B4:CD:04
[ 2026-07-26T00:32:05.002    10271:  5931:  5931 E/LSPosedFramework ] (com.miui.weather2)[com.sevtinge.hyperceiler,HyperCeiler,172b-19f9a1e9b89-2-1,0,1] [SetDeviceLevel]: class is null
[ 2026-07-26T00:32:08.248    10203:  4745:  4745 I/LSPosedFramework ] (com.android.systemui)[com.lidesheng.hyperlyric,HyperLyric,1289-19f9a1e88fa-2-17,0,1] [LyriconSource] 订阅连接已建立
[ 2026-07-26T00:32:08.249    10203:  4745:  4745 W/LSPosedFramework ] (com.android.systemui)[io.github.hyperisland,HyperIsland[BluetoothIsland],1289-19f9a1e88fa-2-18,0,1] received bluetooth broadcast: action=android.bluetooth.device.action.BATTERY_LEVEL_CHANGED enabled=true showDeviceName=true stored=false
[ 2026-07-26T00:32:08.250    10203:  4745:  4745 W/LSPosedFramework ] (com.android.systemui)[io.github.hyperisland,HyperIsland[BluetoothIsland],1289-19f9a1e88fa-2-19,0,1] resolve bluetooth device name: resolved=Xiaomi Focus Pen fromDevice=Xiaomi Focus Pen fromCache=null address=70:61:EE:B4:CD:04
[ 2026-07-26T00:32:08.250    10203:  4745:  4745 W/LSPosedFramework ] (com.android.systemui)[io.github.hyperisland,HyperIsland[BluetoothIsland],1289-19f9a1e88fa-2-1a,0,1] bluetooth battery broadcast: battery=100 key=70:61:EE:B4:CD:04 deviceName=Xiaomi Focus Pen pendingNameRefresh=false
[ 2026-07-26T00:32:08.250    10203:  4745:  4745 W/LSPosedFramework ] (com.android.systemui)[io.github.hyperisland,HyperIsland[BluetoothIsland],1289-19f9a1e88fa-2-1b,0,1] skip bluetooth battery update: connected=false battery=100 key=70:61:EE:B4:CD:04
[ 2026-07-26T00:32:09.792     1000:  6564:  6564 I/LSPosedFramework ] (com.miui.securitycenter.bootaware)[com.example.miuilight,XposedBridge,19a4-19f9a1eae3f-2-1,0,1] MiuiLightHook: loaded in com.miui.securitycenter
[ 2026-07-26T00:32:09.793     1000:  6564:  6564 I/LSPosedFramework ] (com.miui.securitycenter.bootaware)[com.example.miuilight,XposedBridge,19a4-19f9a1eae3f-2-2,0,1] MiuiLightHook: hook p052d9.a not found: jRvnNE.QdW.f.BBdglmaAV.XposedHelpers$ClassNotFoundError: java.lang.ClassNotFoundException: p052d9$a
[ 2026-07-26T00:32:09.798     1000:  6564:  6564 I/LSPosedFramework ] (com.miui.securitycenter.bootaware)[com.example.miuilight,XposedBridge,19a4-19f9a1eae3f-2-3,0,1] MiuiLightHook: hooked d9.a#a(Context,int)
[ 2026-07-26T00:32:09.805     1000:  6564:  6564 I/LSPosedFramework ] (com.miui.securitycenter.bootaware)[com.example.miuilight,XposedBridge,19a4-19f9a1eae3f-2-4,0,1] MiuiLightHook: hooked ILightsManager$Stub$Proxy#setColorfulLight
[ 2026-07-26T00:32:14.381     1000:  7844:  7844 I/LSPosedFramework ] (com.miui.securitycenter.remote)[com.example.miuilight,XposedBridge,1ea4-19f9a1ec02a-2-1,0,1] MiuiLightHook: loaded in com.miui.securitycenter
[ 2026-07-26T00:32:14.382     1000:  7844:  7844 I/LSPosedFramework ] (com.miui.securitycenter.remote)[com.example.miuilight,XposedBridge,1ea4-19f9a1ec02a-2-2,0,1] MiuiLightHook: hook p052d9.a not found: jRvnNE.QdW.f.BBdglmaAV.XposedHelpers$ClassNotFoundError: java.lang.ClassNotFoundException: p052d9$a
[ 2026-07-26T00:32:14.388     1000:  7844:  7844 I/LSPosedFramework ] (com.miui.securitycenter.remote)[com.example.miuilight,XposedBridge,1ea4-19f9a1ec02a-2-3,0,1] MiuiLightHook: hooked d9.a#a(Context,int)
[ 2026-07-26T00:32:14.389     1000:  7844:  7844 I/LSPosedFramework ] (com.miui.securitycenter.remote)[com.example.miuilight,XposedBridge,1ea4-19f9a1ec02a-2-4,0,1] MiuiLightHook: hooked ILightsManager$Stub$Proxy#setColorfulLight
[ 2026-07-26T00:32:15.497    10288:  7932:  7932 I/LSPosedFramework ] (com.netease.cloudmusic)[io.github.proify.lyricon.cmprovider,XposedBridge,1efc-19f9a1ec487-2-1,0,1] [CloudMusicProvider][D][com.netease.cloudmusic] Hooking com.netease.cloudmusic
[ 2026-07-26T00:32:15.519    10288:  7932:  7932 I/LSPosedFramework ] (com.netease.cloudmusic)[io.github.proify.lyricon.cmprovider,XposedBridge,1efc-19f9a1ec487-2-2,0,1] [CloudMusicProvider][D][com.netease.cloudmusic] Hooking, processName= com.netease.cloudmusic
[ 2026-07-26T00:32:18.045    10288:  7932:  7932 I/LSPosedFramework ] (com.netease.cloudmusic)[io.github.proify.lyricon.cmprovider,XposedBridge,1efc-19f9a1ec487-2-3,0,1] [CloudMusicProvider][D][com.netease.cloudmusic] PreferencesMonitor initialization completed in 259ms
[ 2026-07-26T00:32:18.414     1000: 10000: 10000 I/LSPosedFramework ] (com.miui.securitycenter)[com.example.miuilight,XposedBridge,2710-19f9a1ecfee-2-1,0,1] MiuiLightHook: loaded in com.miui.securitycenter
[ 2026-07-26T00:32:18.414     1000: 10000: 10000 I/LSPosedFramework ] (com.miui.securitycenter)[com.example.miuilight,XposedBridge,2710-19f9a1ecfee-2-2,0,1] MiuiLightHook: hook p052d9.a not found: jRvnNE.QdW.f.BBdglmaAV.XposedHelpers$ClassNotFoundError: java.lang.ClassNotFoundException: p052d9$a
[ 2026-07-26T00:32:18.415     1000: 10000: 10000 I/LSPosedFramework ] (com.miui.securitycenter)[com.example.miuilight,XposedBridge,2710-19f9a1ecfee-2-3,0,1] MiuiLightHook: hooked d9.a#a(Context,int)
[ 2026-07-26T00:32:18.416     1000: 10000: 10000 I/LSPosedFramework ] (com.miui.securitycenter)[com.example.miuilight,XposedBridge,2710-19f9a1ecfee-2-4,0,1] MiuiLightHook: hooked ILightsManager$Stub$Proxy#setColorfulLight
[ 2026-07-26T00:32:21.448    10288:  7932:  7932 I/LSPosedFramework ] (com.netease.cloudmusic)[io.github.proify.lyricon.cmprovider,XposedBridge,1efc-19f9a1ec487-2-4,0,1] [CloudMusicProvider][I][com.netease.cloudmusic] Provider registered
[ 2026-07-26T00:32:28.976     1000: 15299: 15299 I/LSPosedFramework ] (miui.systemui.plugin:flashlight)[com.lidesheng.hyperlyric,HyperLyric,3bc3-19f9a1ef92f-2-1,0,1] [HookEntry] 模块加载完成，当前应用版本1934-6.5
