----part 1 start----
[ 2026-07-25T23:50:51.600    10203:  4696:  4696 I/LSPosedFramework ] (com.android.systemui)[com.lidesheng.hyperlyric,HyperLyric,1258-19f99f8ddd0-2-1,0,1] [HookEntry] 模块加载完成，当前应用版本1934-6.5
[ 2026-07-25T23:50:51.804    10203:  4696:  4696 I/LSPosedFramework ] (com.android.systemui)[com.lidesheng.hyperlyric,HyperLyric,1258-19f99f8ddd0-2-2,0,1] [IslandExpandedMediaAmbientFlowHooker] 展开态媒体流光 Hook 已初始化: methods=9
[ 2026-07-25T23:50:51.832    10203:  4696:  4696 I/LSPosedFramework ] (com.android.systemui)[com.lidesheng.hyperlyric,HyperLyric,1258-19f99f8ddd0-2-3,0,1] [NotificationMediaAmbientFlowHooker] 通知中心媒体流光 Hook 已初始化: methods=6
[ 2026-07-25T23:50:51.852    10203:  4696:  4696 I/LSPosedFramework ] (com.android.systemui)[com.lidesheng.hyperlyric,HyperLyric,1258-19f99f8ddd0-2-4,0,1] [NotificationMediaCoverStyleHooker] 通知中心媒体封面 Hook 已初始化: methods=5
[ 2026-07-25T23:50:51.860    10203:  4696:  4696 I/LSPosedFramework ] (com.android.systemui)[com.lidesheng.hyperlyric,HyperLyric,1258-19f99f8ddd0-2-5,0,1] [HookEntry] 超级岛歌词模式: mode=0
[ 2026-07-25T23:50:51.906    10203:  4696:  4696 E/LSPosedFramework ] (com.android.systemui)[io.github.hyperisland,HyperIsland[UnlockAllFocusHook],1258-19f99f8ddd0-2-6,0,1] failed to hook canShowFocus — Didn't find class "miui.systemui.notification.NotificationSettingsManager" on path: DexPathList[[zip file "/system_ext/priv-app/MiuiSystemUI/MiuiSystemUI.apk"],nativeLibraryDirectories=[/system_ext/priv-app/MiuiSystemUI/lib/arm64, /system_ext/priv-app/MiuiSystemUI/MiuiSystemUI.apk!/lib/arm64-v8a, /system/lib64, /system_ext/lib64, /system_ext/app/miuisystem/miuisystem.apk!/lib/arm64-v8a, /system/lib64, /system_ext/lib64]]
[ 2026-07-25T23:50:51.907    10203:  4696:  4696 E/LSPosedFramework ] (com.android.systemui)[io.github.hyperisland,HyperIsland[UnlockAllFocusHook],1258-19f99f8ddd0-2-7,0,1] canCustomFocus not found (may be expected) — Didn't find class "miui.systemui.notification.NotificationSettingsManager" on path: DexPathList[[zip file "/system_ext/priv-app/MiuiSystemUI/MiuiSystemUI.apk"],nativeLibraryDirectories=[/system_ext/priv-app/MiuiSystemUI/lib/arm64, /system_ext/priv-app/MiuiSystemUI/MiuiSystemUI.apk!/lib/arm64-v8a, /system/lib64, /system_ext/lib64, /system_ext/app/miuisystem/miuisystem.apk!/lib/arm64-v8a, /system/lib64, /system_ext/lib64]]
[ 2026-07-25T23:50:52.044    10203:  4696:  4696 I/LSPosedFramework ] (com.android.systemui)[io.github.proify.lyricon.core,XposedBridge,1258-19f99f8ddd0-2-8,0,1] [Lyricon-Xposed] Hooking package: com.android.systemui (Process: com.android.systemui)
[ 2026-07-25T23:50:53.557    10203:  4696:  4696 I/LSPosedFramework ] (com.android.systemui)[com.lidesheng.hyperlyric,HyperLyric,1258-19f99f8ddd0-2-9,0,1] [SourceManager] 启动歌词源: Lyricon
[ 2026-07-25T23:50:53.566    10203:  4696:  4696 I/LSPosedFramework ] (com.android.systemui)[com.lidesheng.hyperlyric,HyperLyric,1258-19f99f8ddd0-2-a,0,1] [LyriconSource] 数据源已启动
[ 2026-07-25T23:50:53.566    10203:  4696:  4696 I/LSPosedFramework ] (com.android.systemui)[com.lidesheng.hyperlyric,HyperLyric,1258-19f99f8ddd0-2-b,0,1] [HookEntry] 系统环境初始化完成: enabled=true, source=Lyricon, mode=0
[ 2026-07-25T23:50:53.583    10203:  4696:  4696 W/LSPosedFramework ] (com.android.systemui)[io.github.hyperisland,HyperIsland[BluetoothIsland],1258-19f99f8ddd0-2-c,0,1] bluetooth receiver registered, enabled=true
[ 2026-07-25T23:50:53.590    10203:  4696:  4696 I/LSPosedFramework ] (com.android.systemui)[io.github.proify.lyricon.core,XposedBridge,1258-19f99f8ddd0-2-d,0,1] [Lyricon-Xposed] Lyricon BridgeCentral initialized successfully.
[ 2026-07-25T23:50:53.771    10167:  5667:  5667 E/LSPosedFramework ] (com.miui.misound)[com.sevtinge.hyperceiler,HyperCeiler,1623-19f99f8e649-2-1,0,1] [com.miui.misound][IncreaseSamplingRate]: hook com.miui.misound.mihearingassist.h.a failed by 
java.lang.ClassNotFoundException: com.miui.misound.mihearingassist.h
	at java.lang.Class.classForName(Native Method)
	at java.lang.Class.forName(Class.java:597)
	at io.github.kyuubiran.ezxhelper.core.util.ClassUtil.loadClass(Unknown Source:7)
	at io.github.kyuubiran.ezxhelper.core.util.ClassUtil.loadClass$default(Unknown Source:5)
	at com.sevtinge.hyperceiler.libhook.rules.misound.IncreaseSamplingRate.init(Unknown Source:89)
	at a5.initHook(Unknown Source:9)
	at a5.initHook(SourceFile:81)
	at com.sevtinge.hyperceiler.libhook.app.MiSound.onPackageLoaded(Unknown Source:37)
	at a5.a(Unknown Source:26)
	at a5.onLoad(SourceFile:74)
	at ip0.accept(Unknown Source:460)
	at java.util.HashMap.forEach(HashMap.java:1432)
	at jp0.b(Unknown Source:2144)
	at jp0.onPackageReady(Unknown Source:50)
	at t0.callOnPackageReady(r8-map-id-641cd0d9f3f2136e302270e7ebfbbc1eaeb97195335bb6679d8c71628db6c7ea:43)
	at t.intercept(r8-map-id-641cd0d9f3f2136e302270e7ebfbbc1eaeb97195335bb6679d8c71628db6c7ea:147)
	at k.proceed(r8-map-id-641cd0d9f3f2136e302270e7ebfbbc1eaeb97195335bb6679d8c71628db6c7ea:33)
	at android.hardware.GaingGraentushWaindt.createOrUpdateClassLoaderLocked(GaingGraentushWaindt.java)
	at android.app.LoadedApk.getClassLoader(LoadedApk.java:1221)
	at android.app.LoadedApk.getResources(LoadedApk.java:1480)
	at android.app.ContextImpl.createAppContext(ContextImpl.java:3509)
	at android.app.ContextImpl.createAppContext(ContextImpl.java:3500)
	at android.app.ActivityThread.handleBindApplication(ActivityThread.java:8535)
	at android.app.ActivityThread.-$$Nest$mhandleBindApplication(Unknown Source:0)
	at android.app.ActivityThread$H.handleMessage(ActivityThread.java:2826)
	at android.os.Handler.dispatchMessage(Handler.java:114)
	at android.os.Looper.loopOnce(Looper.java:274)
	at android.os.Looper.loop(Looper.java:369)
	at android.app.ActivityThread.main(ActivityThread.java:10089)
	at java.lang.reflect.Method.invoke(Native Method)
	at com.android.internal.os.RuntimeInit$MethodAndArgsCaller.run(RuntimeInit.java:616)
	at com.android.internal.os.ZygoteInit.main(ZygoteInit.java:1137)
Caused by: java.lang.ClassNotFoundException: com.miui.misound.mihearingassist.h
	... 32 more
[ 2026-07-25T23:50:53.771    10167:  5667:  5667 E/LSPosedFramework ] (com.miui.misound)[com.sevtinge.hyperceiler,HyperCeiler,1623-19f99f8e649-2-2,0,1] [com.miui.misound][IncreaseSamplingRate]: hook com.miui.misound.mihearingassist.h.b failed by 
java.lang.ClassNotFoundException: com.miui.misound.mihearingassist.h
	at java.lang.Class.classForName(Native Method)
	at java.lang.Class.forName(Class.java:597)
	at io.github.kyuubiran.ezxhelper.core.util.ClassUtil.loadClass(Unknown Source:7)
	at io.github.kyuubiran.ezxhelper.core.util.ClassUtil.loadClass$default(Unknown Source:5)
	at com.sevtinge.hyperceiler.libhook.rules.misound.IncreaseSamplingRate.init(Unknown Source:163)
	at a5.initHook(Unknown Source:9)
	at a5.initHook(SourceFile:81)
	at com.sevtinge.hyperceiler.libhook.app.MiSound.onPackageLoaded(Unknown Source:37)
	at a5.a(Unknown Source:26)
	at a5.onLoad(SourceFile:74)
	at ip0.accept(Unknown Source:460)
	at java.util.HashMap.forEach(HashMap.java:1432)
	at jp0.b(Unknown Source:2144)
	at jp0.onPackageReady(Unknown Source:50)
	at t0.callOnPackageReady(r8-map-id-641cd0d9f3f2136e302270e7ebfbbc1eaeb97195335bb6679d8c71628db6c7ea:43)
	at t.intercept(r8-map-id-641cd0d9f3f2136e302270e7ebfbbc1eaeb97195335bb6679d8c71628db6c7ea:147)
	at k.proceed(r8-map-id-641cd0d9f3f2136e302270e7ebfbbc1eaeb97195335bb6679d8c71628db6c7ea:33)
	at android.hardware.GaingGraentushWaindt.createOrUpdateClassLoaderLocked(GaingGraentushWaindt.java)
	at android.app.LoadedApk.getClassLoader(LoadedApk.java:1221)
	at android.app.LoadedApk.getResources(LoadedApk.java:1480)
	at android.app.ContextImpl.createAppContext(ContextImpl.java:3509)
	at android.app.ContextImpl.createAppContext(ContextImpl.java:3500)
	at android.app.ActivityThread.handleBindApplication(ActivityThread.java:8535)
	at android.app.ActivityThread.-$$Nest$mhandleBindApplication(Unknown Source:0)
	at android.app.ActivityThread$H.handleMessage(ActivityThread.java:2826)
	at android.os.Handler.dispatchMessage(Handler.java:114)
	at android.os.Looper.loopOnce(Looper.java:274)
	at android.os.Looper.loop(Looper.java:369)
	at android.app.ActivityThread.main(ActivityThread.java:10089)
	at java.lang.reflect.Method.invoke(Native Method)
	at com.android.internal.os.RuntimeInit$MethodAndArgsCaller.run(RuntimeInit.java:616)
	at com.android.internal.os.ZygoteInit.main(ZygoteInit.java:1137)
Caused by: java.lang.ClassNotFoundException: com.miui.misound.mihearingassist.h
	... 32 more
[ 2026-07-25T23:50:53.777    10167:  5667:  5667 E/LSPosedFramework ] (com.miui.misound)[com.sevtinge.hyperceiler,HyperCeiler,1623-19f99f8e649-2-3,0,1] [com.miui.misound][IncreaseSamplingRate]: hook com.miui.misound.mihearingassist.h.b failed by 
java.lang.ClassNotFoundException: com.miui.misound.mihearingassist.h
	at java.lang.Class.classForName(Native Method)
	at java.lang.Class.forName(Class.java:597)
	at io.github.kyuubiran.ezxhelper.core.util.ClassUtil.loadClass(Unknown Source:7)
	at io.github.kyuubiran.ezxhelper.core.util.ClassUtil.loadClass$default(Unknown Source:5)
	at com.sevtinge.hyperceiler.libhook.rules.misound.IncreaseSamplingRate.init(Unknown Source:485)
	at a5.initHook(Unknown Source:9)
	at a5.initHook(SourceFile:81)
	at com.sevtinge.hyperceiler.libhook.app.MiSound.onPackageLoaded(Unknown Source:37)
	at a5.a(Unknown Source:26)
	at a5.onLoad(SourceFile:74)
	at ip0.accept(Unknown Source:460)
	at java.util.HashMap.forEach(HashMap.java:1432)
	at jp0.b(Unknown Source:2144)
	at jp0.onPackageReady(Unknown Source:50)
	at t0.callOnPackageReady(r8-map-id-641cd0d9f3f2136e302270e7ebfbbc1eaeb97195335bb6679d8c71628db6c7ea:43)
	at t.intercept(r8-map-id-641cd0d9f3f2136e302270e7ebfbbc1eaeb97195335bb6679d8c71628db6c7ea:147)
	at k.proceed(r8-map-id-641cd0d9f3f2136e302270e7ebfbbc1eaeb97195335bb6679d8c71628db6c7ea:33)
	at android.hardware.GaingGraentushWaindt.createOrUpdateClassLoaderLocked(GaingGraentushWaindt.java)
	at android.app.LoadedApk.getClassLoader(LoadedApk.java:1221)
	at android.app.LoadedApk.getResources(LoadedApk.java:1480)
	at android.app.ContextImpl.createAppContext(ContextImpl.java:3509)
	at android.app.ContextImpl.createAppContext(ContextImpl.java:3500)
	at android.app.ActivityThread.handleBindApplication(ActivityThread.java:8535)
	at android.app.ActivityThread.-$$Nest$mhandleBindApplication(Unknown Source:0)
	at android.app.ActivityThread$H.handleMessage(ActivityThread.java:2826)
	at android.os.Handler.dispatchMessage(Handler.java:114)
	at android.os.Looper.loopOnce(Looper.java:274)
	at android.os.Looper.loop(Looper.java:369)
	at android.app.ActivityThread.main(ActivityThread.java:10089)
	at java.lang.reflect.Method.invoke(Native Method)
	at com.android.internal.os.RuntimeInit$MethodAndArgsCaller.run(RuntimeInit.java:616)
	at com.android.internal.os.ZygoteInit.main(ZygoteInit.java:1137)
Caused by: java.lang.ClassNotFoundException: com.miui.misound.mihearingassist.h
	... 32 more
[ 2026-07-25T23:50:54.040     1000:  5725:  5725 I/LSPosedFramework ] (miui.systemui.plugin:flashlight)[com.lidesheng.hyperlyric,HyperLyric,165d-19f99f8e757-2-1,0,1] [HookEntry] 模块加载完成，当前应用版本1934-6.5
[ 2026-07-25T23:50:54.741    10203:  4696:  4696 I/LSPosedFramework ] (com.android.systemui)[com.lidesheng.hyperlyric,HyperLyric,1258-19f99f8ddd0-2-e,0,1] [HookIslandGlow] 媒体岛光效 Hook 已初始化: method=updateTemplate
[ 2026-07-25T23:50:54.749    10203:  4696:  4696 I/LSPosedFramework ] (com.android.systemui)[com.lidesheng.hyperlyric,HyperLyric,1258-19f99f8ddd0-2-f,0,1] [IslandProgressGlowHooker] 边缘光效进度条 Hook 已初始化
[ 2026-07-25T23:50:54.766    10203:  4696:  4696 I/LSPosedFramework ] (com.android.systemui)[com.lidesheng.hyperlyric,HyperLyric,1258-19f99f8ddd0-2-10,0,1] [IslandMusicWaveColorHooker] 音频律动封面色 Hook 已初始化
[ 2026-07-25T23:50:54.774    10203:  4696:  4696 I/LSPosedFramework ] (com.android.systemui)[com.lidesheng.hyperlyric,HyperLyric,1258-19f99f8ddd0-2-11,0,1] [IslandAlbumCoverStyleHooker] 超级岛封面样式 Hook 已初始化
[ 2026-07-25T23:50:54.774    10203:  4696:  4696 I/LSPosedFramework ] (com.android.systemui)[com.lidesheng.hyperlyric,HyperLyric,1258-19f99f8ddd0-2-12,0,1] [SystemUIHookRegistry] 超级岛 Hook 已初始化
[ 2026-07-25T23:50:54.893    10203:  4696:  4696 W/LSPosedFramework ] (com.android.systemui)[io.github.hyperisland,HyperIsland[BluetoothIsland],1258-19f99f8ddd0-2-13,0,1] received bluetooth broadcast: action=android.bluetooth.device.action.BATTERY_LEVEL_CHANGED enabled=true showDeviceName=true stored=false
[ 2026-07-25T23:50:54.894    10203:  4696:  4696 W/LSPosedFramework ] (com.android.systemui)[io.github.hyperisland,HyperIsland[BluetoothIsland],1258-19f99f8ddd0-2-14,0,1] resolve bluetooth device name: resolved=Xiaomi Focus Pen fromDevice=Xiaomi Focus Pen fromCache=null address=70:61:EE:B4:CD:04
[ 2026-07-25T23:50:54.894    10203:  4696:  4696 W/LSPosedFramework ] (com.android.systemui)[io.github.hyperisland,HyperIsland[BluetoothIsland],1258-19f99f8ddd0-2-15,0,1] bluetooth battery broadcast: battery=96 key=70:61:EE:B4:CD:04 deviceName=Xiaomi Focus Pen pendingNameRefresh=false
[ 2026-07-25T23:50:54.894    10203:  4696:  4696 W/LSPosedFramework ] (com.android.systemui)[io.github.hyperisland,HyperIsland[BluetoothIsland],1258-19f99f8ddd0-2-16,0,1] skip bluetooth battery update: connected=false battery=96 key=70:61:EE:B4:CD:04
[ 2026-07-25T23:50:55.774    10271:  5888:  5888 E/LSPosedFramework ] (com.miui.weather2)[com.sevtinge.hyperceiler,HyperCeiler,1700-19f99f8ee1e-2-1,0,1] [SetDeviceLevel]: class is null
[ 2026-07-25T23:50:58.981    10203:  4696:  4696 I/LSPosedFramework ] (com.android.systemui)[com.lidesheng.hyperlyric,HyperLyric,1258-19f99f8ddd0-2-17,0,1] [LyriconSource] 订阅连接已建立
[ 2026-07-25T23:50:58.982    10203:  4696:  4696 W/LSPosedFramework ] (com.android.systemui)[io.github.hyperisland,HyperIsland[BluetoothIsland],1258-19f99f8ddd0-2-18,0,1] received bluetooth broadcast: action=android.bluetooth.device.action.BATTERY_LEVEL_CHANGED enabled=true showDeviceName=true stored=false
[ 2026-07-25T23:50:58.982    10203:  4696:  4696 W/LSPosedFramework ] (com.android.systemui)[io.github.hyperisland,HyperIsland[BluetoothIsland],1258-19f99f8ddd0-2-19,0,1] resolve bluetooth device name: resolved=Xiaomi Focus Pen fromDevice=Xiaomi Focus Pen fromCache=null address=70:61:EE:B4:CD:04
[ 2026-07-25T23:50:58.982    10203:  4696:  4696 W/LSPosedFramework ] (com.android.systemui)[io.github.hyperisland,HyperIsland[BluetoothIsland],1258-19f99f8ddd0-2-1a,0,1] bluetooth battery broadcast: battery=98 key=70:61:EE:B4:CD:04 deviceName=Xiaomi Focus Pen pendingNameRefresh=false
[ 2026-07-25T23:50:58.982    10203:  4696:  4696 W/LSPosedFramework ] (com.android.systemui)[io.github.hyperisland,HyperIsland[BluetoothIsland],1258-19f99f8ddd0-2-1b,0,1] skip bluetooth battery update: connected=false battery=98 key=70:61:EE:B4:CD:04
[ 2026-07-25T23:50:58.984    10203:  4696:  4696 W/LSPosedFramework ] (com.android.systemui)[io.github.hyperisland,HyperIsland[BluetoothIsland],1258-19f99f8ddd0-2-1c,0,1] received bluetooth broadcast: action=android.bluetooth.device.action.BATTERY_LEVEL_CHANGED enabled=true showDeviceName=true stored=false
[ 2026-07-25T23:50:58.985    10203:  4696:  4696 W/LSPosedFramework ] (com.android.systemui)[io.github.hyperisland,HyperIsland[BluetoothIsland],1258-19f99f8ddd0-2-1d,0,1] resolve bluetooth device name: resolved=Xiaomi Focus Pen fromDevice=Xiaomi Focus Pen fromCache=null address=70:61:EE:B4:CD:04
[ 2026-07-25T23:50:58.985    10203:  4696:  4696 W/LSPosedFramework ] (com.android.systemui)[io.github.hyperisland,HyperIsland[BluetoothIsland],1258-19f99f8ddd0-2-1e,0,1] bluetooth battery broadcast: battery=100 key=70:61:EE:B4:CD:04 deviceName=Xiaomi Focus Pen pendingNameRefresh=false
[ 2026-07-25T23:50:58.985    10203:  4696:  4696 W/LSPosedFramework ] (com.android.systemui)[io.github.hyperisland,HyperIsland[BluetoothIsland],1258-19f99f8ddd0-2-1f,0,1] skip bluetooth battery update: connected=false battery=100 key=70:61:EE:B4:CD:04
[ 2026-07-25T23:51:00.181     1000:  6451:  6451 I/LSPosedFramework ] (com.miui.securitycenter.bootaware)[com.example.miuilight,XposedBridge,1933-19f99f8ff55-2-1,0,1] MiuiLightHook: loaded in com.miui.securitycenter
[ 2026-07-25T23:51:00.182     1000:  6451:  6451 I/LSPosedFramework ] (com.miui.securitycenter.bootaware)[com.example.miuilight,XposedBridge,1933-19f99f8ff55-2-2,0,1] MiuiLightHook: hook p052d9.a FAILED: yI.xev.QWxoYrjpo.vLGyl.XposedHelpers$ClassNotFoundError: java.lang.ClassNotFoundException: p052d9$a
[ 2026-07-25T23:51:00.183     1000:  6451:  6451 I/LSPosedFramework ] (com.miui.securitycenter.bootaware)[com.example.miuilight,XposedBridge,1933-19f99f8ff55-2-3,0,1] MiuiLightHook: hooked ILightsManager$Stub$Proxy#setColorfulLight
[ 2026-07-25T23:51:12.050    10288:  8173:  8173 I/LSPosedFramework ] (com.netease.cloudmusic)[io.github.proify.lyricon.cmprovider,XposedBridge,1fed-19f99f92db1-2-1,0,1] [CloudMusicProvider][D][com.netease.cloudmusic] Hooking com.netease.cloudmusic
[ 2026-07-25T23:51:12.062    10288:  8173:  8173 I/LSPosedFramework ] (com.netease.cloudmusic)[io.github.proify.lyricon.cmprovider,XposedBridge,1fed-19f99f92db1-2-2,0,1] [CloudMusicProvider][D][com.netease.cloudmusic] Hooking, processName= com.netease.cloudmusic
[ 2026-07-25T23:51:12.674     1000:  8221:  8221 I/LSPosedFramework ] (com.miui.securitycenter.remote)[com.example.miuilight,XposedBridge,201d-19f99f93013-2-1,0,1] MiuiLightHook: loaded in com.miui.securitycenter
[ 2026-07-25T23:51:12.686     1000:  8221:  8221 I/LSPosedFramework ] (com.miui.securitycenter.remote)[com.example.miuilight,XposedBridge,201d-19f99f93013-2-2,0,1] MiuiLightHook: hook p052d9.a FAILED: yI.xev.QWxoYrjpo.vLGyl.XposedHelpers$ClassNotFoundError: java.lang.ClassNotFoundException: p052d9$a
[ 2026-07-25T23:51:12.688     1000:  8221:  8221 I/LSPosedFramework ] (com.miui.securitycenter.remote)[com.example.miuilight,XposedBridge,201d-19f99f93013-2-3,0,1] MiuiLightHook: hooked ILightsManager$Stub$Proxy#setColorfulLight
[ 2026-07-25T23:51:14.589    10288:  8173:  8173 I/LSPosedFramework ] (com.netease.cloudmusic)[io.github.proify.lyricon.cmprovider,XposedBridge,1fed-19f99f92db1-2-3,0,1] [CloudMusicProvider][D][com.netease.cloudmusic] PreferencesMonitor initialization completed in 420ms
[ 2026-07-25T23:51:18.242     1000: 10853: 10853 I/LSPosedFramework ] (com.miui.securitycenter)[com.example.miuilight,XposedBridge,2a65-19f99f945e2-2-1,0,1] MiuiLightHook: loaded in com.miui.securitycenter
[ 2026-07-25T23:51:18.243     1000: 10853: 10853 I/LSPosedFramework ] (com.miui.securitycenter)[com.example.miuilight,XposedBridge,2a65-19f99f945e2-2-2,0,1] MiuiLightHook: hook p052d9.a FAILED: yI.xev.QWxoYrjpo.vLGyl.XposedHelpers$ClassNotFoundError: java.lang.ClassNotFoundException: p052d9$a
[ 2026-07-25T23:51:18.250     1000: 10853: 10853 I/LSPosedFramework ] (com.miui.securitycenter)[com.example.miuilight,XposedBridge,2a65-19f99f945e2-2-3,0,1] MiuiLightHook: hooked ILightsManager$Stub$Proxy#setColorfulLight
[ 2026-07-25T23:51:18.311    10288:  8173:  8173 I/LSPosedFramework ] (com.netease.cloudmusic)[io.github.proify.lyricon.cmprovider,XposedBridge,1fed-19f99f92db1-2-4,0,1] [CloudMusicProvider][I][com.netease.cloudmusic] Provider registered
[ 2026-07-25T23:51:20.696    10288:  8173: 12284 I/LSPosedFramework ] (com.netease.cloudmusic)[io.github.proify.lyricon.cmprovider,XposedBridge,1fed-19f99f92db1-114-5,0,1] [CloudMusicProvider][D][com.netease.cloudmusic] Load lyric file: localCache, file=/storage/emulated/0/Android/data/com.netease.cloudmusic/files/LyriconDownload/489970714
[ 2026-07-25T23:51:26.961     1000: 15224: 15224 I/LSPosedFramework ] (miui.systemui.plugin:flashlight)[com.lidesheng.hyperlyric,HyperLyric,3b78-19f99f967f1-2-1,0,1] [HookEntry] 模块加载完成，当前应用版本1934-6.5
[ 2026-07-25T23:51:43.227     1000: 16082: 16082 I/LSPosedFramework ] (miui.systemui.plugin:flashlight)[com.lidesheng.hyperlyric,HyperLyric,3ed2-19f99f9a77a-2-1,0,1] [HookEntry] 模块加载完成，当前应用版本1934-6.5
[ 2026-07-25T23:51:47.721     1000: 16866: 16866 I/LSPosedFramework ] (miui.systemui.plugin:flashlight)[com.lidesheng.hyperlyric,HyperLyric,41e2-19f99f9b909-2-1,0,1] [HookEntry] 模块加载完成，当前应用版本1934-6.5
[ 2026-07-25T23:56:51.017    10203:  4696:  4696 W/LSPosedFramework ] (com.android.systemui)[io.github.hyperisland,HyperIsland[BluetoothIsland],1258-19f99f8ddd0-2-20,0,1] received bluetooth broadcast: action=android.bluetooth.device.action.BATTERY_LEVEL_CHANGED enabled=true showDeviceName=true stored=false
[ 2026-07-25T23:56:51.019    10203:  4696:  4696 W/LSPosedFramework ] (com.android.systemui)[io.github.hyperisland,HyperIsland[BluetoothIsland],1258-19f99f8ddd0-2-21,0,1] resolve bluetooth device name: resolved=Xiaomi Focus Pen fromDevice=Xiaomi Focus Pen fromCache=null address=70:61:EE:B4:CD:04
[ 2026-07-25T23:56:51.020    10203:  4696:  4696 W/LSPosedFramework ] (com.android.systemui)[io.github.hyperisland,HyperIsland[BluetoothIsland],1258-19f99f8ddd0-2-22,0,1] bluetooth battery broadcast: battery=99 key=70:61:EE:B4:CD:04 deviceName=Xiaomi Focus Pen pendingNameRefresh=false
[ 2026-07-25T23:56:51.021    10203:  4696:  4696 W/LSPosedFramework ] (com.android.systemui)[io.github.hyperisland,HyperIsland[BluetoothIsland],1258-19f99f8ddd0-2-23,0,1] skip bluetooth battery update: connected=false battery=99 key=70:61:EE:B4:CD:04
[ 2026-07-26T00:09:10.984    10203:  4696:  4696 W/LSPosedFramework ] (com.android.systemui)[io.github.hyperisland,HyperIsland[BluetoothIsland],1258-19f99f8ddd0-2-24,0,1] received bluetooth broadcast: action=android.bluetooth.device.action.BATTERY_LEVEL_CHANGED enabled=true showDeviceName=true stored=false
[ 2026-07-26T00:09:10.986    10203:  4696:  4696 W/LSPosedFramework ] (com.android.systemui)[io.github.hyperisland,HyperIsland[BluetoothIsland],1258-19f99f8ddd0-2-25,0,1] resolve bluetooth device name: resolved=Xiaomi Focus Pen fromDevice=Xiaomi Focus Pen fromCache=null address=70:61:EE:B4:CD:04
[ 2026-07-26T00:09:10.987    10203:  4696:  4696 W/LSPosedFramework ] (com.android.systemui)[io.github.hyperisland,HyperIsland[BluetoothIsland],1258-19f99f8ddd0-2-26,0,1] bluetooth battery broadcast: battery=98 key=70:61:EE:B4:CD:04 deviceName=Xiaomi Focus Pen pendingNameRefresh=false
[ 2026-07-26T00:09:10.987    10203:  4696:  4696 W/LSPosedFramework ] (com.android.systemui)[io.github.hyperisland,HyperIsland[BluetoothIsland],1258-19f99f8ddd0-2-27,0,1] skip bluetooth battery update: connected=false battery=98 key=70:61:EE:B4:CD:04
[ 2026-07-26T00:26:19.444     1000: 24680: 24680 I/LSPosedFramework ] (com.miui.securitycenter)[com.example.miuilight,XposedBridge,6068-19f9a1955b4-2-1,0,1] MiuiLightHook: loaded in com.miui.securitycenter
[ 2026-07-26T00:26:19.444     1000: 24680: 24680 I/LSPosedFramework ] (com.miui.securitycenter)[com.example.miuilight,XposedBridge,6068-19f9a1955b4-2-2,0,1] MiuiLightHook: hook p052d9.a FAILED: yI.xev.QWxoYrjpo.vLGyl.XposedHelpers$ClassNotFoundError: java.lang.ClassNotFoundException: p052d9$a
[ 2026-07-26T00:26:19.445     1000: 24680: 24680 I/LSPosedFramework ] (com.miui.securitycenter)[com.example.miuilight,XposedBridge,6068-19f9a1955b4-2-3,0,1] MiuiLightHook: hooked ILightsManager$Stub$Proxy#setColorfulLight
[ 2026-07-26T00:31:34.401    10203:  4696:  4696 W/LSPosedFramework ] (com.android.systemui)[io.github.hyperisland,HyperIsland[BluetoothIsland],1258-19f99f8ddd0-2-28,0,1] received bluetooth broadcast: action=android.bluetooth.device.action.BATTERY_LEVEL_CHANGED enabled=true showDeviceName=true stored=false
[ 2026-07-26T00:31:34.401    10203:  4696:  4696 W/LSPosedFramework ] (com.android.systemui)[io.github.hyperisland,HyperIsland[BluetoothIsland],1258-19f99f8ddd0-2-29,0,1] resolve bluetooth device name: resolved=70:61:EE:B4:CD:04 fromDevice=null fromCache=null address=70:61:EE:B4:CD:04
[ 2026-07-26T00:31:34.402    10203:  4696:  4696 W/LSPosedFramework ] (com.android.systemui)[io.github.hyperisland,HyperIsland[BluetoothIsland],1258-19f99f8ddd0-2-2a,0,1] bluetooth battery broadcast: battery=-1 key=70:61:EE:B4:CD:04 deviceName=70:61:EE:B4:CD:04 pendingNameRefresh=false
[ 2026-07-26T00:31:34.402    10203:  4696:  4696 W/LSPosedFramework ] (com.android.systemui)[io.github.hyperisland,HyperIsland[BluetoothIsland],1258-19f99f8ddd0-2-2b,0,1] skip bluetooth battery update: connected=false battery=-1 key=70:61:EE:B4:CD:04
[ 2026-07-26T00:31:34.722    10167: 26602: 26602 E/LSPosedFramework ] (com.miui.misound)[com.sevtinge.hyperceiler,HyperCeiler,67ea-19f9a1e2542-2-1,0,1] [com.miui.misound][IncreaseSamplingRate]: hook com.miui.misound.mihearingassist.h.a failed by 
java.lang.ClassNotFoundException: com.miui.misound.mihearingassist.h
	at java.lang.Class.classForName(Native Method)
	at java.lang.Class.forName(Class.java:597)
	at io.github.kyuubiran.ezxhelper.core.util.ClassUtil.loadClass(Unknown Source:7)
	at io.github.kyuubiran.ezxhelper.core.util.ClassUtil.loadClass$default(Unknown Source:5)
	at com.sevtinge.hyperceiler.libhook.rules.misound.IncreaseSamplingRate.init(Unknown Source:89)
	at a5.initHook(Unknown Source:9)
	at a5.initHook(SourceFile:81)
	at com.sevtinge.hyperceiler.libhook.app.MiSound.onPackageLoaded(Unknown Source:37)
	at a5.a(Unknown Source:26)
	at a5.onLoad(SourceFile:74)
	at ip0.accept(Unknown Source:460)
	at java.util.HashMap.forEach(HashMap.java:1432)
	at jp0.b(Unknown Source:2144)
	at jp0.onPackageReady(Unknown Source:50)
	at t0.callOnPackageReady(r8-map-id-641cd0d9f3f2136e302270e7ebfbbc1eaeb97195335bb6679d8c71628db6c7ea:43)
	at t.intercept(r8-map-id-641cd0d9f3f2136e302270e7ebfbbc1eaeb97195335bb6679d8c71628db6c7ea:147)
	at k.proceed(r8-map-id-641cd0d9f3f2136e302270e7ebfbbc1eaeb97195335bb6679d8c71628db6c7ea:33)
	at android.location.TrourseempPloork.createOrUpdateClassLoaderLocked(TrourseempPloork.java)
	at android.app.LoadedApk.getClassLoader(LoadedApk.java:1221)
	at android.app.LoadedApk.getResources(LoadedApk.java:1480)
	at android.app.ContextImpl.createAppContext(ContextImpl.java:3509)
	at android.app.ContextImpl.createAppContext(ContextImpl.java:3500)
	at android.app.ActivityThread.handleBindApplication(ActivityThread.java:8535)
	at android.app.ActivityThread.-$$Nest$mhandleBindApplication(Unknown Source:0)
	at android.app.ActivityThread$H.handleMessage(ActivityThread.java:2826)
	at android.os.Handler.dispatchMessage(Handler.java:114)
	at android.os.Looper.loopOnce(Looper.java:274)
	at android.os.Looper.loop(Looper.java:369)
	at android.app.ActivityThread.main(ActivityThread.java:10089)
	at java.lang.reflect.Method.invoke(Native Method)
	at com.android.internal.os.RuntimeInit$MethodAndArgsCaller.run(RuntimeInit.java:616)
	at com.android.internal.os.ZygoteInit.main(ZygoteInit.java:1137)
Caused by: java.lang.ClassNotFoundException: com.miui.misound.mihearingassist.h
	... 32 more
[ 2026-07-26T00:31:34.723    10167: 26602: 26602 E/LSPosedFramework ] (com.miui.misound)[com.sevtinge.hyperceiler,HyperCeiler,67ea-19f9a1e2542-2-2,0,1] [com.miui.misound][IncreaseSamplingRate]: hook com.miui.misound.mihearingassist.h.b failed by 
java.lang.ClassNotFoundException: com.miui.misound.mihearingassist.h
	at java.lang.Class.classForName(Native Method)
	at java.lang.Class.forName(Class.java:597)
	at io.github.kyuubiran.ezxhelper.core.util.ClassUtil.loadClass(Unknown Source:7)
	at io.github.kyuubiran.ezxhelper.core.util.ClassUtil.loadClass$default(Unknown Source:5)
	at com.sevtinge.hyperceiler.libhook.rules.misound.IncreaseSamplingRate.init(Unknown Source:163)
	at a5.initHook(Unknown Source:9)
	at a5.initHook(SourceFile:81)
	at com.sevtinge.hyperceiler.libhook.app.MiSound.onPackageLoaded(Unknown Source:37)
	at a5.a(Unknown Source:26)
	at a5.onLoad(SourceFile:74)
	at ip0.accept(Unknown Source:460)
	at java.util.HashMap.forEach(HashMap.java:1432)
	at jp0.b(Unknown Source:2144)
	at jp0.onPackageReady(Unknown Source:50)
	at t0.callOnPackageReady(r8-map-id-641cd0d9f3f2136e302270e7ebfbbc1eaeb97195335bb6679d8c71628db6c7ea:43)
	at t.intercept(r8-map-id-641cd0d9f3f2136e302270e7ebfbbc1eaeb97195335bb6679d8c71628db6c7ea:147)
	at k.proceed(r8-map-id-641cd0d9f3f2136e302270e7ebfbbc1eaeb97195335bb6679d8c71628db6c7ea:33)
	at android.location.TrourseempPloork.createOrUpdateClassLoaderLocked(TrourseempPloork.java)
	at android.app.LoadedApk.getClassLoader(LoadedApk.java:1221)
	at android.app.LoadedApk.getResources(LoadedApk.java:1480)
	at android.app.ContextImpl.createAppContext(ContextImpl.java:3509)
	at android.app.ContextImpl.createAppContext(ContextImpl.java:3500)
	at android.app.ActivityThread.handleBindApplication(ActivityThread.java:8535)
	at android.app.ActivityThread.-$$Nest$mhandleBindApplication(Unknown Source:0)
	at android.app.ActivityThread$H.handleMessage(ActivityThread.java:2826)
	at android.os.Handler.dispatchMessage(Handler.java:114)
	at android.os.Looper.loopOnce(Looper.java:274)
	at android.os.Looper.loop(Looper.java:369)
	at android.app.ActivityThread.main(ActivityThread.java:10089)
	at java.lang.reflect.Method.invoke(Native Method)
	at com.android.internal.os.RuntimeInit$MethodAndArgsCaller.run(RuntimeInit.java:616)
	at com.android.internal.os.ZygoteInit.main(ZygoteInit.java:1137)
Caused by: java.lang.ClassNotFoundException: com.miui.misound.mihearingassist.h
	... 32 more
[ 2026-07-26T00:31:34.724    10167: 26602: 26602 E/LSPosedFramework ] (com.miui.misound)[com.sevtinge.hyperceiler,HyperCeiler,67ea-19f9a1e2542-2-3,0,1] [com.miui.misound][IncreaseSamplingRate]: hook com.miui.misound.mihearingassist.h.b failed by 
java.lang.ClassNotFoundException: com.miui.misound.mihearingassist.h
	at java.lang.Class.classForName(Native Method)
	at java.lang.Class.forName(Class.java:597)
	at io.github.kyuubiran.ezxhelper.core.util.ClassUtil.loadClass(Unknown Source:7)
	at io.github.kyuubiran.ezxhelper.core.util.ClassUtil.loadClass$default(Unknown Source:5)
	at com.sevtinge.hyperceiler.libhook.rules.misound.IncreaseSamplingRate.init(Unknown Source:485)
	at a5.initHook(Unknown Source:9)
	at a5.initHook(SourceFile:81)
	at com.sevtinge.hyperceiler.libhook.app.MiSound.onPackageLoaded(Unknown Source:37)
	at a5.a(Unknown Source:26)
	at a5.onLoad(SourceFile:74)
	at ip0.accept(Unknown Source:460)
	at java.util.HashMap.forEach(HashMap.java:1432)
	at jp0.b(Unknown Source:2144)
	at jp0.onPackageReady(Unknown Source:50)
	at t0.callOnPackageReady(r8-map-id-641cd0d9f3f2136e302270e7ebfbbc1eaeb97195335bb6679d8c71628db6c7ea:43)
	at t.intercept(r8-map-id-641cd0d9f3f2136e302270e7ebfbbc1eaeb97195335bb6679d8c71628db6c7ea:147)
	at k.proceed(r8-map-id-641cd0d9f3f2136e302270e7ebfbbc1eaeb97195335bb6679d8c71628db6c7ea:33)
	at android.location.TrourseempPloork.createOrUpdateClassLoaderLocked(TrourseempPloork.java)
	at android.app.LoadedApk.getClassLoader(LoadedApk.java:1221)
	at android.app.LoadedApk.getResources(LoadedApk.java:1480)
	at android.app.ContextImpl.createAppContext(ContextImpl.java:3509)
	at android.app.ContextImpl.createAppContext(ContextImpl.java:3500)
	at android.app.ActivityThread.handleBindApplication(ActivityThread.java:8535)
	at android.app.ActivityThread.-$$Nest$mhandleBindApplication(Unknown Source:0)
	at android.app.ActivityThread$H.handleMessage(ActivityThread.java:2826)
	at android.os.Handler.dispatchMessage(Handler.java:114)
	at android.os.Looper.loopOnce(Looper.java:274)
	at android.os.Looper.loop(Looper.java:369)
	at android.app.ActivityThread.main(ActivityThread.java:10089)
	at java.lang.reflect.Method.invoke(Native Method)
	at com.android.internal.os.RuntimeInit$MethodAndArgsCaller.run(RuntimeInit.java:616)
	at com.android.internal.os.ZygoteInit.main(ZygoteInit.java:1137)
Caused by: java.lang.ClassNotFoundException: com.miui.misound.mihearingassist.h
	... 32 more

Logd maybe crashed (err=Success), retrying in 1s...
