----part 1 start----
[ 2026-07-26T12:26:54.419    10203:  4684:  4684 I/LSPosedFramework ] (com.android.systemui)[com.lidesheng.hyperlyric,HyperLyric,124c-19f9cad0c53-2-1,0,1] [HookEntry] 模块加载完成，当前应用版本1934-6.5
[ 2026-07-26T12:26:54.670    10203:  4684:  4684 I/LSPosedFramework ] (com.android.systemui)[com.lidesheng.hyperlyric,HyperLyric,124c-19f9cad0c53-2-2,0,1] [IslandExpandedMediaAmbientFlowHooker] 展开态媒体流光 Hook 已初始化: methods=9
[ 2026-07-26T12:26:54.678    10203:  4684:  4684 I/LSPosedFramework ] (com.android.systemui)[com.lidesheng.hyperlyric,HyperLyric,124c-19f9cad0c53-2-3,0,1] [NotificationMediaAmbientFlowHooker] 通知中心媒体流光 Hook 已初始化: methods=6
[ 2026-07-26T12:26:54.683    10203:  4684:  4684 I/LSPosedFramework ] (com.android.systemui)[com.lidesheng.hyperlyric,HyperLyric,124c-19f9cad0c53-2-4,0,1] [NotificationMediaCoverStyleHooker] 通知中心媒体封面 Hook 已初始化: methods=5
[ 2026-07-26T12:26:54.690    10203:  4684:  4684 I/LSPosedFramework ] (com.android.systemui)[com.lidesheng.hyperlyric,HyperLyric,124c-19f9cad0c53-2-5,0,1] [HookEntry] 超级岛歌词模式: mode=0
[ 2026-07-26T12:26:54.747    10203:  4684:  4684 E/LSPosedFramework ] (com.android.systemui)[io.github.hyperisland,HyperIsland[UnlockAllFocusHook],124c-19f9cad0c53-2-6,0,1] failed to hook canShowFocus — Didn't find class "miui.systemui.notification.NotificationSettingsManager" on path: DexPathList[[zip file "/system_ext/priv-app/MiuiSystemUI/MiuiSystemUI.apk"],nativeLibraryDirectories=[/system_ext/priv-app/MiuiSystemUI/lib/arm64, /system_ext/priv-app/MiuiSystemUI/MiuiSystemUI.apk!/lib/arm64-v8a, /system/lib64, /system_ext/lib64, /system_ext/app/miuisystem/miuisystem.apk!/lib/arm64-v8a, /system/lib64, /system_ext/lib64]]
[ 2026-07-26T12:26:54.747    10203:  4684:  4684 E/LSPosedFramework ] (com.android.systemui)[io.github.hyperisland,HyperIsland[UnlockAllFocusHook],124c-19f9cad0c53-2-7,0,1] canCustomFocus not found (may be expected) — Didn't find class "miui.systemui.notification.NotificationSettingsManager" on path: DexPathList[[zip file "/system_ext/priv-app/MiuiSystemUI/MiuiSystemUI.apk"],nativeLibraryDirectories=[/system_ext/priv-app/MiuiSystemUI/lib/arm64, /system_ext/priv-app/MiuiSystemUI/MiuiSystemUI.apk!/lib/arm64-v8a, /system/lib64, /system_ext/lib64, /system_ext/app/miuisystem/miuisystem.apk!/lib/arm64-v8a, /system/lib64, /system_ext/lib64]]
[ 2026-07-26T12:26:54.978    10203:  4684:  4684 I/LSPosedFramework ] (com.android.systemui)[io.github.proify.lyricon.core,XposedBridge,124c-19f9cad0c53-2-8,0,1] [Lyricon-Xposed] Hooking package: com.android.systemui (Process: com.android.systemui)
[ 2026-07-26T12:26:56.423    10203:  4684:  4684 I/LSPosedFramework ] (com.android.systemui)[com.lidesheng.hyperlyric,HyperLyric,124c-19f9cad0c53-2-9,0,1] [SourceManager] 启动歌词源: Lyricon
[ 2026-07-26T12:26:56.437    10203:  4684:  4684 I/LSPosedFramework ] (com.android.systemui)[com.lidesheng.hyperlyric,HyperLyric,124c-19f9cad0c53-2-a,0,1] [LyriconSource] 数据源已启动
[ 2026-07-26T12:26:56.437    10203:  4684:  4684 I/LSPosedFramework ] (com.android.systemui)[com.lidesheng.hyperlyric,HyperLyric,124c-19f9cad0c53-2-b,0,1] [HookEntry] 系统环境初始化完成: enabled=true, source=Lyricon, mode=0
[ 2026-07-26T12:26:56.448    10203:  4684:  4684 W/LSPosedFramework ] (com.android.systemui)[io.github.hyperisland,HyperIsland[BluetoothIsland],124c-19f9cad0c53-2-c,0,1] bluetooth receiver registered, enabled=true
[ 2026-07-26T12:26:56.454    10203:  4684:  4684 I/LSPosedFramework ] (com.android.systemui)[io.github.proify.lyricon.core,XposedBridge,124c-19f9cad0c53-2-d,0,1] [Lyricon-Xposed] Lyricon BridgeCentral initialized successfully.
[ 2026-07-26T12:26:56.682    10167:  5676:  5676 E/LSPosedFramework ] (com.miui.misound)[com.sevtinge.hyperceiler,HyperCeiler,162c-19f9cad1528-2-1,0,1] [com.miui.misound][IncreaseSamplingRate]: hook com.miui.misound.mihearingassist.h.a failed by 
java.lang.ClassNotFoundException: com.miui.misound.mihearingassist.h
	at java.lang.Class.classForName(Native Method)
	at java.lang.Class.forName(Class.java:597)
	at io.github.kyuubiran.ezxhelper.core.util.ClassUtil.loadClass(Unknown Source:7)
	at io.github.kyuubiran.ezxhelper.core.util.ClassUtil.loadClass$default(Unknown Source:5)
	at com.sevtinge.hyperceiler.libhook.rules.misound.IncreaseSamplingRate.init(Unknown Source:89)
	at a5.initHook(Unknown Source:9)
	at a5.initHook(SourceFile:81)
	at com.sevtinge.hyperceiler.libhook.app.MiSound.onPackageLoaded(Unknown Source:37)
	at a5.a(Unknown Source:26)
	at a5.onLoad(SourceFile:74)
	at ip0.accept(Unknown Source:460)
	at java.util.HashMap.forEach(HashMap.java:1432)
	at jp0.b(Unknown Source:2144)
	at jp0.onPackageReady(Unknown Source:50)
	at t0.callOnPackageReady(r8-map-id-641cd0d9f3f2136e302270e7ebfbbc1eaeb97195335bb6679d8c71628db6c7ea:43)
	at t.intercept(r8-map-id-641cd0d9f3f2136e302270e7ebfbbc1eaeb97195335bb6679d8c71628db6c7ea:147)
	at k.proceed(r8-map-id-641cd0d9f3f2136e302270e7ebfbbc1eaeb97195335bb6679d8c71628db6c7ea:33)
	at android.graphics.Paestoor.createOrUpdateClassLoaderLocked(Paestoor.java)
	at android.app.LoadedApk.getClassLoader(LoadedApk.java:1221)
	at android.app.LoadedApk.getResources(LoadedApk.java:1480)
	at android.app.ContextImpl.createAppContext(ContextImpl.java:3509)
	at android.app.ContextImpl.createAppContext(ContextImpl.java:3500)
	at android.app.ActivityThread.handleBindApplication(ActivityThread.java:8535)
	at android.app.ActivityThread.-$$Nest$mhandleBindApplication(Unknown Source:0)
	at android.app.ActivityThread$H.handleMessage(ActivityThread.java:2826)
	at android.os.Handler.dispatchMessage(Handler.java:114)
	at android.os.Looper.loopOnce(Looper.java:274)
	at android.os.Looper.loop(Looper.java:369)
	at android.app.ActivityThread.main(ActivityThread.java:10089)
	at java.lang.reflect.Method.invoke(Native Method)
	at com.android.internal.os.RuntimeInit$MethodAndArgsCaller.run(RuntimeInit.java:616)
	at com.android.internal.os.ZygoteInit.main(ZygoteInit.java:1137)
Caused by: java.lang.ClassNotFoundException: com.miui.misound.mihearingassist.h
	... 32 more
[ 2026-07-26T12:26:56.682    10167:  5676:  5676 E/LSPosedFramework ] (com.miui.misound)[com.sevtinge.hyperceiler,HyperCeiler,162c-19f9cad1528-2-2,0,1] [com.miui.misound][IncreaseSamplingRate]: hook com.miui.misound.mihearingassist.h.b failed by 
java.lang.ClassNotFoundException: com.miui.misound.mihearingassist.h
	at java.lang.Class.classForName(Native Method)
	at java.lang.Class.forName(Class.java:597)
	at io.github.kyuubiran.ezxhelper.core.util.ClassUtil.loadClass(Unknown Source:7)
	at io.github.kyuubiran.ezxhelper.core.util.ClassUtil.loadClass$default(Unknown Source:5)
	at com.sevtinge.hyperceiler.libhook.rules.misound.IncreaseSamplingRate.init(Unknown Source:163)
	at a5.initHook(Unknown Source:9)
	at a5.initHook(SourceFile:81)
	at com.sevtinge.hyperceiler.libhook.app.MiSound.onPackageLoaded(Unknown Source:37)
	at a5.a(Unknown Source:26)
	at a5.onLoad(SourceFile:74)
	at ip0.accept(Unknown Source:460)
	at java.util.HashMap.forEach(HashMap.java:1432)
	at jp0.b(Unknown Source:2144)
	at jp0.onPackageReady(Unknown Source:50)
	at t0.callOnPackageReady(r8-map-id-641cd0d9f3f2136e302270e7ebfbbc1eaeb97195335bb6679d8c71628db6c7ea:43)
	at t.intercept(r8-map-id-641cd0d9f3f2136e302270e7ebfbbc1eaeb97195335bb6679d8c71628db6c7ea:147)
	at k.proceed(r8-map-id-641cd0d9f3f2136e302270e7ebfbbc1eaeb97195335bb6679d8c71628db6c7ea:33)
	at android.graphics.Paestoor.createOrUpdateClassLoaderLocked(Paestoor.java)
	at android.app.LoadedApk.getClassLoader(LoadedApk.java:1221)
	at android.app.LoadedApk.getResources(LoadedApk.java:1480)
	at android.app.ContextImpl.createAppContext(ContextImpl.java:3509)
	at android.app.ContextImpl.createAppContext(ContextImpl.java:3500)
	at android.app.ActivityThread.handleBindApplication(ActivityThread.java:8535)
	at android.app.ActivityThread.-$$Nest$mhandleBindApplication(Unknown Source:0)
	at android.app.ActivityThread$H.handleMessage(ActivityThread.java:2826)
	at android.os.Handler.dispatchMessage(Handler.java:114)
	at android.os.Looper.loopOnce(Looper.java:274)
	at android.os.Looper.loop(Looper.java:369)
	at android.app.ActivityThread.main(ActivityThread.java:10089)
	at java.lang.reflect.Method.invoke(Native Method)
	at com.android.internal.os.RuntimeInit$MethodAndArgsCaller.run(RuntimeInit.java:616)
	at com.android.internal.os.ZygoteInit.main(ZygoteInit.java:1137)
Caused by: java.lang.ClassNotFoundException: com.miui.misound.mihearingassist.h
	... 32 more
[ 2026-07-26T12:26:56.691    10167:  5676:  5676 E/LSPosedFramework ] (com.miui.misound)[com.sevtinge.hyperceiler,HyperCeiler,162c-19f9cad1528-2-3,0,1] [com.miui.misound][IncreaseSamplingRate]: hook com.miui.misound.mihearingassist.h.b failed by 
java.lang.ClassNotFoundException: com.miui.misound.mihearingassist.h
	at java.lang.Class.classForName(Native Method)
	at java.lang.Class.forName(Class.java:597)
	at io.github.kyuubiran.ezxhelper.core.util.ClassUtil.loadClass(Unknown Source:7)
	at io.github.kyuubiran.ezxhelper.core.util.ClassUtil.loadClass$default(Unknown Source:5)
	at com.sevtinge.hyperceiler.libhook.rules.misound.IncreaseSamplingRate.init(Unknown Source:485)
	at a5.initHook(Unknown Source:9)
	at a5.initHook(SourceFile:81)
	at com.sevtinge.hyperceiler.libhook.app.MiSound.onPackageLoaded(Unknown Source:37)
	at a5.a(Unknown Source:26)
	at a5.onLoad(SourceFile:74)
	at ip0.accept(Unknown Source:460)
	at java.util.HashMap.forEach(HashMap.java:1432)
	at jp0.b(Unknown Source:2144)
	at jp0.onPackageReady(Unknown Source:50)
	at t0.callOnPackageReady(r8-map-id-641cd0d9f3f2136e302270e7ebfbbc1eaeb97195335bb6679d8c71628db6c7ea:43)
	at t.intercept(r8-map-id-641cd0d9f3f2136e302270e7ebfbbc1eaeb97195335bb6679d8c71628db6c7ea:147)
	at k.proceed(r8-map-id-641cd0d9f3f2136e302270e7ebfbbc1eaeb97195335bb6679d8c71628db6c7ea:33)
	at android.graphics.Paestoor.createOrUpdateClassLoaderLocked(Paestoor.java)
	at android.app.LoadedApk.getClassLoader(LoadedApk.java:1221)
	at android.app.LoadedApk.getResources(LoadedApk.java:1480)
	at android.app.ContextImpl.createAppContext(ContextImpl.java:3509)
	at android.app.ContextImpl.createAppContext(ContextImpl.java:3500)
	at android.app.ActivityThread.handleBindApplication(ActivityThread.java:8535)
	at android.app.ActivityThread.-$$Nest$mhandleBindApplication(Unknown Source:0)
	at android.app.ActivityThread$H.handleMessage(ActivityThread.java:2826)
	at android.os.Handler.dispatchMessage(Handler.java:114)
	at android.os.Looper.loopOnce(Looper.java:274)
	at android.os.Looper.loop(Looper.java:369)
	at android.app.ActivityThread.main(ActivityThread.java:10089)
	at java.lang.reflect.Method.invoke(Native Method)
	at com.android.internal.os.RuntimeInit$MethodAndArgsCaller.run(RuntimeInit.java:616)
	at com.android.internal.os.ZygoteInit.main(ZygoteInit.java:1137)
Caused by: java.lang.ClassNotFoundException: com.miui.misound.mihearingassist.h
	... 32 more
[ 2026-07-26T12:26:56.943     1000:  5741:  5741 I/LSPosedFramework ] (miui.systemui.plugin:flashlight)[com.lidesheng.hyperlyric,HyperLyric,166d-19f9cad162f-2-1,0,1] [HookEntry] 模块加载完成，当前应用版本1934-6.5
[ 2026-07-26T12:26:57.564    10203:  4684:  4684 I/LSPosedFramework ] (com.android.systemui)[com.lidesheng.hyperlyric,HyperLyric,124c-19f9cad0c53-2-e,0,1] [HookIslandGlow] 媒体岛光效 Hook 已初始化: method=updateTemplate
[ 2026-07-26T12:26:57.572    10203:  4684:  4684 I/LSPosedFramework ] (com.android.systemui)[com.lidesheng.hyperlyric,HyperLyric,124c-19f9cad0c53-2-f,0,1] [IslandProgressGlowHooker] 边缘光效进度条 Hook 已初始化
[ 2026-07-26T12:26:57.589    10203:  4684:  4684 I/LSPosedFramework ] (com.android.systemui)[com.lidesheng.hyperlyric,HyperLyric,124c-19f9cad0c53-2-10,0,1] [IslandMusicWaveColorHooker] 音频律动封面色 Hook 已初始化
[ 2026-07-26T12:26:57.597    10203:  4684:  4684 I/LSPosedFramework ] (com.android.systemui)[com.lidesheng.hyperlyric,HyperLyric,124c-19f9cad0c53-2-11,0,1] [IslandAlbumCoverStyleHooker] 超级岛封面样式 Hook 已初始化
[ 2026-07-26T12:26:57.597    10203:  4684:  4684 I/LSPosedFramework ] (com.android.systemui)[com.lidesheng.hyperlyric,HyperLyric,124c-19f9cad0c53-2-12,0,1] [SystemUIHookRegistry] 超级岛 Hook 已初始化
[ 2026-07-26T12:26:58.454    10203:  4684:  4684 W/LSPosedFramework ] (com.android.systemui)[io.github.hyperisland,HyperIsland[BluetoothIsland],124c-19f9cad0c53-2-13,0,1] received bluetooth broadcast: action=android.bluetooth.device.action.BATTERY_LEVEL_CHANGED enabled=true showDeviceName=true stored=false
[ 2026-07-26T12:26:58.454    10203:  4684:  4684 W/LSPosedFramework ] (com.android.systemui)[io.github.hyperisland,HyperIsland[BluetoothIsland],124c-19f9cad0c53-2-14,0,1] resolve bluetooth device name: resolved=Xiaomi Focus Pen fromDevice=Xiaomi Focus Pen fromCache=null address=70:61:EE:B4:CD:04
[ 2026-07-26T12:26:58.454    10203:  4684:  4684 W/LSPosedFramework ] (com.android.systemui)[io.github.hyperisland,HyperIsland[BluetoothIsland],124c-19f9cad0c53-2-15,0,1] bluetooth battery broadcast: battery=100 key=70:61:EE:B4:CD:04 deviceName=Xiaomi Focus Pen pendingNameRefresh=false
[ 2026-07-26T12:26:58.454    10203:  4684:  4684 W/LSPosedFramework ] (com.android.systemui)[io.github.hyperisland,HyperIsland[BluetoothIsland],124c-19f9cad0c53-2-16,0,1] skip bluetooth battery update: connected=false battery=100 key=70:61:EE:B4:CD:04
[ 2026-07-26T12:26:58.625    10271:  5850:  5850 E/LSPosedFramework ] (com.miui.weather2)[com.sevtinge.hyperceiler,HyperCeiler,16da-19f9cad1cc1-2-1,0,1] [SetDeviceLevel]: class is null
[ 2026-07-26T12:27:01.823    10203:  4684:  4684 I/LSPosedFramework ] (com.android.systemui)[com.lidesheng.hyperlyric,HyperLyric,124c-19f9cad0c53-2-17,0,1] [LyriconSource] 订阅连接已建立
[ 2026-07-26T12:27:03.549     1000:  6413:  6413 I/LSPosedFramework ] (com.miui.securitycenter.bootaware)[com.example.miuilight,XposedBridge,190d-19f9cad2ffc-2-1,0,1] MiuiLightHook: hooked d9.a#a(Context,int)
[ 2026-07-26T12:27:03.553     1000:  6413:  6413 I/LSPosedFramework ] (com.miui.securitycenter.bootaware)[com.example.miuilight,XposedBridge,190d-19f9cad2ffc-2-2,0,1] MiuiLightHook: proxy hooks installed in com.miui.securitycenter
[ 2026-07-26T12:27:11.890    10288:  7819:  7819 I/LSPosedFramework ] (com.netease.cloudmusic)[io.github.proify.lyricon.cmprovider,XposedBridge,1e8b-19f9cad508f-2-1,0,1] [CloudMusicProvider][D][com.netease.cloudmusic] Hooking com.netease.cloudmusic
[ 2026-07-26T12:27:11.929    10288:  7819:  7819 I/LSPosedFramework ] (com.netease.cloudmusic)[io.github.proify.lyricon.cmprovider,XposedBridge,1e8b-19f9cad508f-2-2,0,1] [CloudMusicProvider][D][com.netease.cloudmusic] Hooking, processName= com.netease.cloudmusic
[ 2026-07-26T12:27:12.057     1000:  7843:  7843 I/LSPosedFramework ] (com.miui.securitycenter.remote)[com.example.miuilight,XposedBridge,1ea3-19f9cad5138-2-1,0,1] MiuiLightHook: hooked d9.a#a(Context,int)
[ 2026-07-26T12:27:12.089     1000:  7843:  7843 I/LSPosedFramework ] (com.miui.securitycenter.remote)[com.example.miuilight,XposedBridge,1ea3-19f9cad5138-2-2,0,1] MiuiLightHook: proxy hooks installed in com.miui.securitycenter
[ 2026-07-26T12:27:14.548    10288:  7819:  7819 I/LSPosedFramework ] (com.netease.cloudmusic)[io.github.proify.lyricon.cmprovider,XposedBridge,1e8b-19f9cad508f-2-3,0,1] [CloudMusicProvider][D][com.netease.cloudmusic] PreferencesMonitor initialization completed in 381ms
[ 2026-07-26T12:27:16.927     1000: 10519: 10519 I/LSPosedFramework ] (com.miui.securitycenter)[com.example.miuilight,XposedBridge,2917-19f9cad6435-2-1,0,1] MiuiLightHook: hooked d9.a#a(Context,int)
[ 2026-07-26T12:27:16.938     1000: 10519: 10519 I/LSPosedFramework ] (com.miui.securitycenter)[com.example.miuilight,XposedBridge,2917-19f9cad6435-2-2,0,1] MiuiLightHook: proxy hooks installed in com.miui.securitycenter
[ 2026-07-26T12:27:18.547    10288:  7819:  7819 I/LSPosedFramework ] (com.netease.cloudmusic)[io.github.proify.lyricon.cmprovider,XposedBridge,1e8b-19f9cad508f-2-4,0,1] [CloudMusicProvider][I][com.netease.cloudmusic] Provider registered
[ 2026-07-26T12:27:19.243    10288:  7819: 12162 I/LSPosedFramework ] (com.netease.cloudmusic)[io.github.proify.lyricon.cmprovider,XposedBridge,1e8b-19f9cad508f-147-5,0,1] [CloudMusicProvider][D][com.netease.cloudmusic] Load lyric file: localCache, file=/storage/emulated/0/Android/data/com.netease.cloudmusic/files/LyriconDownload/489970714
[ 2026-07-26T12:27:24.052     1000: 14246: 14246 I/LSPosedFramework ] (miui.systemui.plugin:flashlight)[com.lidesheng.hyperlyric,HyperLyric,37a6-19f9cad8013-2-1,0,1] [HookEntry] 模块加载完成，当前应用版本1934-6.5
[ 2026-07-26T12:27:31.057    10323: 15284: 15334 I/LSPosedFramework ] (com.example.miuilight)[com.example.miuilight,XposedBridge,3bb4-19f9cad9b71-3d-1,0,1] MiuiLightHook: proxy hooks installed in com.miui.contentcatcher
[ 2026-07-26T12:27:33.387     1000:  3346:  4891 E/LSPosedFramework ] (system)[com.sevtinge.hyperceiler,HyperCeiler,d12-19f9cada488-1a8-1,0,0] [CrashMonitor]: Crash detected: com.example.miuilight, log: java.lang.ClassCastException: androidx.compose.foundation.layout.RowScopeInstance cannot be cast to android.content.Context
	at com.example.miuilight.MainActivity.onCreate$lambda$86$lambda$85$lambda$39$lambda$34$lambda$33(MainActivity.kt:82)
	at com.example.miuilight.MainActivity$$ExternalSyntheticLambda3.invoke(D8$$SyntheticClass:0)
	at androidx.compose.foundation.ClickableNode.onPointerEvent-H0pRuoY(Clickable.kt:935)
	at androidx.compose.ui.input.pointer.Node.dispatchMainEventPass(HitPathTracker.kt:446)
	at androidx.compose.ui.input.pointer.Node.dispatchMainEventPass(HitPathTracker.kt:432)
	at androidx.compose.ui.input.pointer.NodeParent.dispatchMainEventPass(HitPathTracker.kt:285)
	at androidx.compose.ui.input.pointer.HitPathTracker.dispatchChanges(HitPathTracker.kt:181)
	at androidx.compose.ui.input.pointer.PointerInputEventProcessor.process-BIzXfog(PointerInputEventProcessor.kt:118)
	at androidx.compose.ui.platform.AndroidComposeView.sendMotionEvent-8iAsVTc(AndroidComposeView.android.kt:2685)
	at androidx.compose.ui.platform.AndroidComposeView.handleMotionEvent-8iAsVTc(AndroidComposeView.android.kt:2629)
	at androidx.compose.ui.platform.AndroidComposeView.dispatchTouchEvent(AndroidComposeView.android.kt:2467)
	at android.view.ViewGroup.dispatchTransformedTouchEvent(ViewGroup.java:3171)
	at android.view.ViewGroup.dispatchTouchEvent(ViewGroup.java:2851)
	at android.view.ViewGroup.dispatchTransformedTouchEvent(ViewGroup.java:3171)
	at android.view.ViewGroup.dispatchTouchEvent(ViewGroup.java:2851)
	at android.view.ViewGroup.dispatchTransformedTouchEvent(ViewGroup.java:3171)
	at android.view.ViewGroup.dispatchTouchEvent(ViewGroup.java:2851)
	at android.view.ViewGroup.dispatchTransformedTouchEvent(ViewGroup.java:3171)
	at android.view.ViewGroup.dispatchTouchEvent(ViewGroup.java:2851)
	at com.android.internal.policy.DecorView.superDispatchTouchEvent(DecorView.java:634)
	at com.android.internal.policy.PhoneWindow.superDispatchTouchEvent(PhoneWindow.java:2041)
	at android.app.Activity.dispatchTouchEvent(Activity.java:4810)
	at com.android.internal.policy.DecorView.dispatchTouchEvent(DecorView.java:592)
	at android.view.View.dispatchPointerEvent(View.java:17332)
	at com.xiaomi.mirror.MiuiMirrorImpl.isHandled(MiuiMirrorImpl.java:150)
	at android.view.ViewRootImpl$ViewPostImeInputStage.processPointerEvent(ViewRootImpl.java:9965)
	at android.view.ViewRootImpl$ViewPostImeInputStage.onProcess(ViewRootImpl.java:9703)
	at android.view.ViewRootImpl$InputStage.deliver(ViewRootImpl.java:9034)
	at android.view.ViewRootImpl$InputStage.onDeliverToNext(ViewRootImpl.java:9097)
	at android.view.ViewRootImpl$InputStage.forward(ViewRootImpl.java:9063)
	at android.view.ViewRootImpl$AsyncInputStage.forward(ViewRootImpl.java:9235)
	at android.view.ViewRootImpl$InputStage.apply(ViewRootImpl.java:9071)
[ 2026-07-26T12:27:33.387     1000:  3346:  4891 E/LSPosedFramework ] (system)[com.sevtinge.hyperceiler,HyperCeiler,d12-19f9cada488-1a8-1,1,1] 	at android.view.ViewRootImpl$AsyncInputStage.apply(ViewRootImpl.java:9292)
	at android.view.ViewRootImpl$InputStage.deliver(ViewRootImpl.java:9038)
	at android.view.ViewRootImpl$InputStage.onDeliverToNext(ViewRootImpl.java:9097)
	at android.view.ViewRootImpl$InputStage.forward(ViewRootImpl.java:9063)
	at android.view.ViewRootImpl$InputStage.apply(ViewRootImpl.java:9071)
	at android.view.ViewRootImpl$InputStage.deliver(ViewRootImpl.java:9038)
	at android.view.ViewRootImpl.deliverInputEvent(ViewRootImpl.java:12515)
	at android.view.ViewRootImpl.doProcessInputEvents(ViewRootImpl.java:12435)
	at android.view.ViewRootImpl.enqueueInputEvent(ViewRootImpl.java:12370)
	at android.view.ViewRootImpl.processRawInputEvent(ViewRootImpl.java:12949)
	at android.view.ViewRootImpl$WindowInputEventReceiver.onInputEvent(ViewRootImpl.java:12688)
	at android.view.InputEventReceiver.dispatchInputEvent(InputEventReceiver.java:342)
	at android.os.MessageQueue.nativePollOnce(Native Method)
	at android.os.MessageQueue.nextLegacy(MessageQueue.java:957)
	at android.os.MessageQueue.next(MessageQueue.java:1099)
	at android.os.Looper.loopOnce(Looper.java:217)
	at android.os.Looper.loop(Looper.java:369)
	at android.app.ActivityThread.main(ActivityThread.java:10089)
	at java.lang.reflect.Method.invoke(Native Method)
	at com.android.internal.os.RuntimeInit$MethodAndArgsCaller.run(RuntimeInit.java:616)
	at com.android.internal.os.ZygoteInit.main(ZygoteInit.java:1137)
[ 2026-07-26T12:27:35.390    10323: 15731: 15788 I/LSPosedFramework ] (com.example.miuilight)[com.example.miuilight,XposedBridge,3d73-19f9cadac5d-3f-1,0,1] MiuiLightHook: proxy hooks installed in com.miui.contentcatcher
[ 2026-07-26T12:27:36.357     1000:  3346:  4888 E/LSPosedFramework ] (system)[com.sevtinge.hyperceiler,HyperCeiler,d12-19f9cada488-1a5-2,0,0] [CrashMonitor]: Crash detected: com.example.miuilight, log: java.lang.ClassCastException: androidx.compose.foundation.layout.RowScopeInstance cannot be cast to android.content.Context
	at com.example.miuilight.MainActivity.onCreate$lambda$86$lambda$85$lambda$39$lambda$34$lambda$33(MainActivity.kt:82)
	at com.example.miuilight.MainActivity$$ExternalSyntheticLambda3.invoke(D8$$SyntheticClass:0)
	at androidx.compose.foundation.ClickableNode.onPointerEvent-H0pRuoY(Clickable.kt:935)
	at androidx.compose.ui.input.pointer.Node.dispatchMainEventPass(HitPathTracker.kt:446)
	at androidx.compose.ui.input.pointer.Node.dispatchMainEventPass(HitPathTracker.kt:432)
	at androidx.compose.ui.input.pointer.NodeParent.dispatchMainEventPass(HitPathTracker.kt:285)
	at androidx.compose.ui.input.pointer.HitPathTracker.dispatchChanges(HitPathTracker.kt:181)
	at androidx.compose.ui.input.pointer.PointerInputEventProcessor.process-BIzXfog(PointerInputEventProcessor.kt:118)
	at androidx.compose.ui.platform.AndroidComposeView.sendMotionEvent-8iAsVTc(AndroidComposeView.android.kt:2685)
	at androidx.compose.ui.platform.AndroidComposeView.handleMotionEvent-8iAsVTc(AndroidComposeView.android.kt:2629)
	at androidx.compose.ui.platform.AndroidComposeView.dispatchTouchEvent(AndroidComposeView.android.kt:2467)
	at android.view.ViewGroup.dispatchTransformedTouchEvent(ViewGroup.java:3171)
	at android.view.ViewGroup.dispatchTouchEvent(ViewGroup.java:2851)
	at android.view.ViewGroup.dispatchTransformedTouchEvent(ViewGroup.java:3171)
	at android.view.ViewGroup.dispatchTouchEvent(ViewGroup.java:2851)
	at android.view.ViewGroup.dispatchTransformedTouchEvent(ViewGroup.java:3171)
	at android.view.ViewGroup.dispatchTouchEvent(ViewGroup.java:2851)
	at android.view.ViewGroup.dispatchTransformedTouchEvent(ViewGroup.java:3171)
	at android.view.ViewGroup.dispatchTouchEvent(ViewGroup.java:2851)
	at com.android.internal.policy.DecorView.superDispatchTouchEvent(DecorView.java:634)
	at com.android.internal.policy.PhoneWindow.superDispatchTouchEvent(PhoneWindow.java:2041)
	at android.app.Activity.dispatchTouchEvent(Activity.java:4810)
	at com.android.internal.policy.DecorView.dispatchTouchEvent(DecorView.java:592)
	at android.view.View.dispatchPointerEvent(View.java:17332)
	at com.xiaomi.mirror.MiuiMirrorImpl.isHandled(MiuiMirrorImpl.java:150)
	at android.view.ViewRootImpl$ViewPostImeInputStage.processPointerEvent(ViewRootImpl.java:9965)
	at android.view.ViewRootImpl$ViewPostImeInputStage.onProcess(ViewRootImpl.java:9703)
	at android.view.ViewRootImpl$InputStage.deliver(ViewRootImpl.java:9034)
	at android.view.ViewRootImpl$InputStage.onDeliverToNext(ViewRootImpl.java:9097)
	at android.view.ViewRootImpl$InputStage.forward(ViewRootImpl.java:9063)
	at android.view.ViewRootImpl$AsyncInputStage.forward(ViewRootImpl.java:9235)
	at android.view.ViewRootImpl$InputStage.apply(ViewRootImpl.java:9071)
[ 2026-07-26T12:27:36.357     1000:  3346:  4888 E/LSPosedFramework ] (system)[com.sevtinge.hyperceiler,HyperCeiler,d12-19f9cada488-1a5-2,1,1] 	at android.view.ViewRootImpl$AsyncInputStage.apply(ViewRootImpl.java:9292)
	at android.view.ViewRootImpl$InputStage.deliver(ViewRootImpl.java:9038)
	at android.view.ViewRootImpl$InputStage.onDeliverToNext(ViewRootImpl.java:9097)
	at android.view.ViewRootImpl$InputStage.forward(ViewRootImpl.java:9063)
	at android.view.ViewRootImpl$InputStage.apply(ViewRootImpl.java:9071)
	at android.view.ViewRootImpl$InputStage.deliver(ViewRootImpl.java:9038)
	at android.view.ViewRootImpl.deliverInputEvent(ViewRootImpl.java:12515)
	at android.view.ViewRootImpl.doProcessInputEvents(ViewRootImpl.java:12435)
	at android.view.ViewRootImpl.enqueueInputEvent(ViewRootImpl.java:12370)
	at android.view.ViewRootImpl.processRawInputEvent(ViewRootImpl.java:12949)
	at android.view.ViewRootImpl$WindowInputEventReceiver.onInputEvent(ViewRootImpl.java:12688)
	at android.view.InputEventReceiver.dispatchInputEvent(InputEventReceiver.java:342)
	at android.os.MessageQueue.nativePollOnce(Native Method)
	at android.os.MessageQueue.nextLegacy(MessageQueue.java:957)
	at android.os.MessageQueue.next(MessageQueue.java:1099)
	at android.os.Looper.loopOnce(Looper.java:217)
	at android.os.Looper.loop(Looper.java:369)
	at android.app.ActivityThread.main(ActivityThread.java:10089)
	at java.lang.reflect.Method.invoke(Native Method)
	at com.android.internal.os.RuntimeInit$MethodAndArgsCaller.run(RuntimeInit.java:616)
	at com.android.internal.os.ZygoteInit.main(ZygoteInit.java:1137)
[ 2026-07-26T12:27:37.654    10323: 15845: 15912 I/LSPosedFramework ] (com.example.miuilight)[com.example.miuilight,XposedBridge,3de5-19f9cadb536-3d-1,0,1] MiuiLightHook: proxy hooks installed in com.miui.contentcatcher
[ 2026-07-26T12:27:38.690     1000:  3346:  4890 E/LSPosedFramework ] (system)[com.sevtinge.hyperceiler,HyperCeiler,d12-19f9cada488-1a7-3,0,0] [CrashMonitor]: Crash detected: com.example.miuilight, log: java.lang.ClassCastException: androidx.compose.foundation.layout.RowScopeInstance cannot be cast to android.content.Context
	at com.example.miuilight.MainActivity.onCreate$lambda$86$lambda$85$lambda$39$lambda$34$lambda$33(MainActivity.kt:82)
	at com.example.miuilight.MainActivity$$ExternalSyntheticLambda3.invoke(D8$$SyntheticClass:0)
	at androidx.compose.foundation.ClickableNode.onPointerEvent-H0pRuoY(Clickable.kt:935)
	at androidx.compose.ui.input.pointer.Node.dispatchMainEventPass(HitPathTracker.kt:446)
	at androidx.compose.ui.input.pointer.Node.dispatchMainEventPass(HitPathTracker.kt:432)
	at androidx.compose.ui.input.pointer.NodeParent.dispatchMainEventPass(HitPathTracker.kt:285)
	at androidx.compose.ui.input.pointer.HitPathTracker.dispatchChanges(HitPathTracker.kt:181)
	at androidx.compose.ui.input.pointer.PointerInputEventProcessor.process-BIzXfog(PointerInputEventProcessor.kt:118)
	at androidx.compose.ui.platform.AndroidComposeView.sendMotionEvent-8iAsVTc(AndroidComposeView.android.kt:2685)
	at androidx.compose.ui.platform.AndroidComposeView.handleMotionEvent-8iAsVTc(AndroidComposeView.android.kt:2629)
	at androidx.compose.ui.platform.AndroidComposeView.dispatchTouchEvent(AndroidComposeView.android.kt:2467)
	at android.view.ViewGroup.dispatchTransformedTouchEvent(ViewGroup.java:3171)
	at android.view.ViewGroup.dispatchTouchEvent(ViewGroup.java:2851)
	at android.view.ViewGroup.dispatchTransformedTouchEvent(ViewGroup.java:3171)
	at android.view.ViewGroup.dispatchTouchEvent(ViewGroup.java:2851)
	at android.view.ViewGroup.dispatchTransformedTouchEvent(ViewGroup.java:3171)
	at android.view.ViewGroup.dispatchTouchEvent(ViewGroup.java:2851)
	at android.view.ViewGroup.dispatchTransformedTouchEvent(ViewGroup.java:3171)
	at android.view.ViewGroup.dispatchTouchEvent(ViewGroup.java:2851)
	at com.android.internal.policy.DecorView.superDispatchTouchEvent(DecorView.java:634)
	at com.android.internal.policy.PhoneWindow.superDispatchTouchEvent(PhoneWindow.java:2041)
	at android.app.Activity.dispatchTouchEvent(Activity.java:4810)
	at com.android.internal.policy.DecorView.dispatchTouchEvent(DecorView.java:592)
	at android.view.View.dispatchPointerEvent(View.java:17332)
	at com.xiaomi.mirror.MiuiMirrorImpl.isHandled(MiuiMirrorImpl.java:150)
	at android.view.ViewRootImpl$ViewPostImeInputStage.processPointerEvent(ViewRootImpl.java:9965)
	at android.view.ViewRootImpl$ViewPostImeInputStage.onProcess(ViewRootImpl.java:9703)
	at android.view.ViewRootImpl$InputStage.deliver(ViewRootImpl.java:9034)
	at android.view.ViewRootImpl$InputStage.onDeliverToNext(ViewRootImpl.java:9097)
	at android.view.ViewRootImpl$InputStage.forward(ViewRootImpl.java:9063)
	at android.view.ViewRootImpl$AsyncInputStage.forward(ViewRootImpl.java:9235)
	at android.view.ViewRootImpl$InputStage.apply(ViewRootImpl.java:9071)
[ 2026-07-26T12:27:38.690     1000:  3346:  4890 E/LSPosedFramework ] (system)[com.sevtinge.hyperceiler,HyperCeiler,d12-19f9cada488-1a7-3,1,1] 	at android.view.ViewRootImpl$AsyncInputStage.apply(ViewRootImpl.java:9292)
	at android.view.ViewRootImpl$InputStage.deliver(ViewRootImpl.java:9038)
	at android.view.ViewRootImpl$InputStage.onDeliverToNext(ViewRootImpl.java:9097)
	at android.view.ViewRootImpl$InputStage.forward(ViewRootImpl.java:9063)
	at android.view.ViewRootImpl$InputStage.apply(ViewRootImpl.java:9071)
	at android.view.ViewRootImpl$InputStage.deliver(ViewRootImpl.java:9038)
	at android.view.ViewRootImpl.deliverInputEvent(ViewRootImpl.java:12515)
	at android.view.ViewRootImpl.doProcessInputEvents(ViewRootImpl.java:12435)
	at android.view.ViewRootImpl.enqueueInputEvent(ViewRootImpl.java:12370)
	at android.view.ViewRootImpl.processRawInputEvent(ViewRootImpl.java:12949)
	at android.view.ViewRootImpl$WindowInputEventReceiver.onInputEvent(ViewRootImpl.java:12688)
	at android.view.InputEventReceiver.dispatchInputEvent(InputEventReceiver.java:342)
	at android.os.MessageQueue.nativePollOnce(Native Method)
	at android.os.MessageQueue.nextLegacy(MessageQueue.java:957)
	at android.os.MessageQueue.next(MessageQueue.java:1099)
	at android.os.Looper.loopOnce(Looper.java:217)
	at android.os.Looper.loop(Looper.java:369)
	at android.app.ActivityThread.main(ActivityThread.java:10089)
	at java.lang.reflect.Method.invoke(Native Method)
	at com.android.internal.os.RuntimeInit$MethodAndArgsCaller.run(RuntimeInit.java:616)
	at com.android.internal.os.ZygoteInit.main(ZygoteInit.java:1137)
[ 2026-07-26T12:27:40.020    10323: 15973: 16020 I/LSPosedFramework ] (com.example.miuilight)[com.example.miuilight,XposedBridge,3e65-19f9cadbe74-3d-1,0,1] MiuiLightHook: proxy hooks installed in com.miui.contentcatcher
[ 2026-07-26T12:28:08.098     1000: 17935: 17935 I/LSPosedFramework ] (miui.systemui.plugin:flashlight)[com.lidesheng.hyperlyric,HyperLyric,460f-19f9cae2c22-2-1,0,1] [HookEntry] 模块加载完成，当前应用版本1934-6.5
[ 2026-07-26T12:28:08.313     1000:  7843: 10581 I/LSPosedFramework ] (com.miui.securitycenter.remote)[com.example.miuilight,XposedBridge,1ea3-19f9cad5138-92-3,0,1] MiuiLightHook: LIGHT com.miui.securitycenter setColorCommon args=[-16776192, com.miui.securitycenter, 7, 0] takeover=true
[ 2026-07-26T12:28:11.024     1000:  7843: 10581 I/LSPosedFramework ] (com.miui.securitycenter.remote)[com.example.miuilight,XposedBridge,1ea3-19f9cad5138-92-4,0,1] MiuiLightHook: LIGHT com.miui.securitycenter setColorCommon args=[0, com.miui.securitycenter, 7, 0] takeover=true
[ 2026-07-26T12:28:28.558     1000:  7843: 10581 I/LSPosedFramework ] (com.miui.securitycenter.remote)[com.example.miuilight,XposedBridge,1ea3-19f9cad5138-92-5,0,1] MiuiLightHook: LIGHT com.miui.securitycenter setColorCommon args=[-16776192, com.miui.securitycenter, 7, 0] takeover=true
[ 2026-07-26T12:28:31.121     1000:  7843: 10581 I/LSPosedFramework ] (com.miui.securitycenter.remote)[com.example.miuilight,XposedBridge,1ea3-19f9cad5138-92-6,0,1] MiuiLightHook: LIGHT com.miui.securitycenter setColorCommon args=[0, com.miui.securitycenter, 7, 0] takeover=true
[ 2026-07-26T12:30:49.107    10323: 27023: 27114 I/LSPosedFramework ] (com.example.miuilight)[com.example.miuilight,XposedBridge,698f-19f9cb0a112-3d-1,0,1] MiuiLightHook: proxy hooks installed in com.miui.contentcatcher
[ 2026-07-26T12:40:03.566     1000: 28626: 28626 I/LSPosedFramework ] (com.miui.securitycenter)[com.example.miuilight,XposedBridge,6fd2-19f9cb916ee-2-1,0,1] MiuiLightHook: hooked d9.a#a(Context,int)
[ 2026-07-26T12:40:03.568     1000: 28626: 28626 I/LSPosedFramework ] (com.miui.securitycenter)[com.example.miuilight,XposedBridge,6fd2-19f9cb916ee-2-2,0,1] MiuiLightHook: proxy hooks installed in com.miui.securitycenter
[ 2026-07-26T12:40:03.798     1000: 28626: 28782 I/LSPosedFramework ] (com.miui.securitycenter)[com.example.miuilight,XposedBridge,6fd2-19f9cb916ee-58-3,0,1] MiuiLightHook: proxy hooks installed in com.miui.contentcatcher
[ 2026-07-26T12:40:06.508    10323: 28881: 29281 I/LSPosedFramework ] (com.example.miuilight)[com.example.miuilight,XposedBridge,70d1-19f9cb9226c-3c-1,0,1] MiuiLightHook: proxy hooks installed in com.miui.contentcatcher
[ 2026-07-26T12:40:22.822    10203:  4684:  4684 W/LSPosedFramework ] (com.android.systemui)[io.github.hyperisland,HyperIsland[BluetoothIsland],124c-19f9cad0c53-2-18,0,1] received bluetooth broadcast: action=android.bluetooth.device.action.BATTERY_LEVEL_CHANGED enabled=true showDeviceName=true stored=false
[ 2026-07-26T12:40:22.826    10203:  4684:  4684 W/LSPosedFramework ] (com.android.systemui)[io.github.hyperisland,HyperIsland[BluetoothIsland],124c-19f9cad0c53-2-19,0,1] resolve bluetooth device name: resolved=70:61:EE:B4:CD:04 fromDevice=null fromCache=null address=70:61:EE:B4:CD:04
[ 2026-07-26T12:40:22.826    10203:  4684:  4684 W/LSPosedFramework ] (com.android.systemui)[io.github.hyperisland,HyperIsland[BluetoothIsland],124c-19f9cad0c53-2-1a,0,1] bluetooth battery broadcast: battery=-1 key=70:61:EE:B4:CD:04 deviceName=70:61:EE:B4:CD:04 pendingNameRefresh=false
[ 2026-07-26T12:40:22.826    10203:  4684:  4684 W/LSPosedFramework ] (com.android.systemui)[io.github.hyperisland,HyperIsland[BluetoothIsland],124c-19f9cad0c53-2-1b,0,1] skip bluetooth battery update: connected=false battery=-1 key=70:61:EE:B4:CD:04
[ 2026-07-26T12:40:23.570    10167: 30464: 30464 E/LSPosedFramework ] (com.miui.misound)[com.sevtinge.hyperceiler,HyperCeiler,7700-19f9cb9650e-2-1,0,1] [com.miui.misound][IncreaseSamplingRate]: hook com.miui.misound.mihearingassist.h.a failed by 
java.lang.ClassNotFoundException: com.miui.misound.mihearingassist.h
	at java.lang.Class.classForName(Native Method)
	at java.lang.Class.forName(Class.java:597)
	at io.github.kyuubiran.ezxhelper.core.util.ClassUtil.loadClass(Unknown Source:7)
	at io.github.kyuubiran.ezxhelper.core.util.ClassUtil.loadClass$default(Unknown Source:5)
	at com.sevtinge.hyperceiler.libhook.rules.misound.IncreaseSamplingRate.init(Unknown Source:89)
	at a5.initHook(Unknown Source:9)
	at a5.initHook(SourceFile:81)
	at com.sevtinge.hyperceiler.libhook.app.MiSound.onPackageLoaded(Unknown Source:37)
	at a5.a(Unknown Source:26)
	at a5.onLoad(SourceFile:74)
	at ip0.accept(Unknown Source:460)
	at java.util.HashMap.forEach(HashMap.java:1432)
	at jp0.b(Unknown Source:2144)
	at jp0.onPackageReady(Unknown Source:50)
	at t0.callOnPackageReady(r8-map-id-641cd0d9f3f2136e302270e7ebfbbc1eaeb97195335bb6679d8c71628db6c7ea:43)
	at t.intercept(r8-map-id-641cd0d9f3f2136e302270e7ebfbbc1eaeb97195335bb6679d8c71628db6c7ea:147)
	at k.proceed(r8-map-id-641cd0d9f3f2136e302270e7ebfbbc1eaeb97195335bb6679d8c71628db6c7ea:33)
	at android.util.ShotutPhoonGlueemp.createOrUpdateClassLoaderLocked(ShotutPhoonGlueemp.java)
	at android.app.LoadedApk.getClassLoader(LoadedApk.java:1221)
	at android.app.LoadedApk.getResources(LoadedApk.java:1480)
	at android.app.ContextImpl.createAppContext(ContextImpl.java:3509)
	at android.app.ContextImpl.createAppContext(ContextImpl.java:3500)
	at android.app.ActivityThread.handleBindApplication(ActivityThread.java:8535)
	at android.app.ActivityThread.-$$Nest$mhandleBindApplication(Unknown Source:0)
	at android.app.ActivityThread$H.handleMessage(ActivityThread.java:2826)
	at android.os.Handler.dispatchMessage(Handler.java:114)
	at android.os.Looper.loopOnce(Looper.java:274)
	at android.os.Looper.loop(Looper.java:369)
	at android.app.ActivityThread.main(ActivityThread.java:10089)
	at java.lang.reflect.Method.invoke(Native Method)
	at com.android.internal.os.RuntimeInit$MethodAndArgsCaller.run(RuntimeInit.java:616)
	at com.android.internal.os.ZygoteInit.main(ZygoteInit.java:1137)
Caused by: java.lang.ClassNotFoundException: com.miui.misound.mihearingassist.h
	... 32 more
[ 2026-07-26T12:40:23.570    10167: 30464: 30464 E/LSPosedFramework ] (com.miui.misound)[com.sevtinge.hyperceiler,HyperCeiler,7700-19f9cb9650e-2-2,0,1] [com.miui.misound][IncreaseSamplingRate]: hook com.miui.misound.mihearingassist.h.b failed by 
java.lang.ClassNotFoundException: com.miui.misound.mihearingassist.h
	at java.lang.Class.classForName(Native Method)
	at java.lang.Class.forName(Class.java:597)
	at io.github.kyuubiran.ezxhelper.core.util.ClassUtil.loadClass(Unknown Source:7)
	at io.github.kyuubiran.ezxhelper.core.util.ClassUtil.loadClass$default(Unknown Source:5)
	at com.sevtinge.hyperceiler.libhook.rules.misound.IncreaseSamplingRate.init(Unknown Source:163)
	at a5.initHook(Unknown Source:9)
	at a5.initHook(SourceFile:81)
	at com.sevtinge.hyperceiler.libhook.app.MiSound.onPackageLoaded(Unknown Source:37)
	at a5.a(Unknown Source:26)
	at a5.onLoad(SourceFile:74)
	at ip0.accept(Unknown Source:460)
	at java.util.HashMap.forEach(HashMap.java:1432)
	at jp0.b(Unknown Source:2144)
	at jp0.onPackageReady(Unknown Source:50)
	at t0.callOnPackageReady(r8-map-id-641cd0d9f3f2136e302270e7ebfbbc1eaeb97195335bb6679d8c71628db6c7ea:43)
	at t.intercept(r8-map-id-641cd0d9f3f2136e302270e7ebfbbc1eaeb97195335bb6679d8c71628db6c7ea:147)
	at k.proceed(r8-map-id-641cd0d9f3f2136e302270e7ebfbbc1eaeb97195335bb6679d8c71628db6c7ea:33)
	at android.util.ShotutPhoonGlueemp.createOrUpdateClassLoaderLocked(ShotutPhoonGlueemp.java)
	at android.app.LoadedApk.getClassLoader(LoadedApk.java:1221)
	at android.app.LoadedApk.getResources(LoadedApk.java:1480)
	at android.app.ContextImpl.createAppContext(ContextImpl.java:3509)
	at android.app.ContextImpl.createAppContext(ContextImpl.java:3500)
	at android.app.ActivityThread.handleBindApplication(ActivityThread.java:8535)
	at android.app.ActivityThread.-$$Nest$mhandleBindApplication(Unknown Source:0)
	at android.app.ActivityThread$H.handleMessage(ActivityThread.java:2826)
	at android.os.Handler.dispatchMessage(Handler.java:114)
	at android.os.Looper.loopOnce(Looper.java:274)
	at android.os.Looper.loop(Looper.java:369)
	at android.app.ActivityThread.main(ActivityThread.java:10089)
	at java.lang.reflect.Method.invoke(Native Method)
	at com.android.internal.os.RuntimeInit$MethodAndArgsCaller.run(RuntimeInit.java:616)
	at com.android.internal.os.ZygoteInit.main(ZygoteInit.java:1137)
Caused by: java.lang.ClassNotFoundException: com.miui.misound.mihearingassist.h
	... 32 more
[ 2026-07-26T12:40:23.597    10167: 30464: 30464 E/LSPosedFramework ] (com.miui.misound)[com.sevtinge.hyperceiler,HyperCeiler,7700-19f9cb9650e-2-3,0,1] [com.miui.misound][IncreaseSamplingRate]: hook com.miui.misound.mihearingassist.h.b failed by 
java.lang.ClassNotFoundException: com.miui.misound.mihearingassist.h
	at java.lang.Class.classForName(Native Method)
	at java.lang.Class.forName(Class.java:597)
	at io.github.kyuubiran.ezxhelper.core.util.ClassUtil.loadClass(Unknown Source:7)
	at io.github.kyuubiran.ezxhelper.core.util.ClassUtil.loadClass$default(Unknown Source:5)
	at com.sevtinge.hyperceiler.libhook.rules.misound.IncreaseSamplingRate.init(Unknown Source:485)
	at a5.initHook(Unknown Source:9)
	at a5.initHook(SourceFile:81)
	at com.sevtinge.hyperceiler.libhook.app.MiSound.onPackageLoaded(Unknown Source:37)
	at a5.a(Unknown Source:26)
	at a5.onLoad(SourceFile:74)
	at ip0.accept(Unknown Source:460)
	at java.util.HashMap.forEach(HashMap.java:1432)
	at jp0.b(Unknown Source:2144)
	at jp0.onPackageReady(Unknown Source:50)
	at t0.callOnPackageReady(r8-map-id-641cd0d9f3f2136e302270e7ebfbbc1eaeb97195335bb6679d8c71628db6c7ea:43)
	at t.intercept(r8-map-id-641cd0d9f3f2136e302270e7ebfbbc1eaeb97195335bb6679d8c71628db6c7ea:147)
	at k.proceed(r8-map-id-641cd0d9f3f2136e302270e7ebfbbc1eaeb97195335bb6679d8c71628db6c7ea:33)
	at android.util.ShotutPhoonGlueemp.createOrUpdateClassLoaderLocked(ShotutPhoonGlueemp.java)
	at android.app.LoadedApk.getClassLoader(LoadedApk.java:1221)
	at android.app.LoadedApk.getResources(LoadedApk.java:1480)
	at android.app.ContextImpl.createAppContext(ContextImpl.java:3509)
	at android.app.ContextImpl.createAppContext(ContextImpl.java:3500)
	at android.app.ActivityThread.handleBindApplication(ActivityThread.java:8535)
	at android.app.ActivityThread.-$$Nest$mhandleBindApplication(Unknown Source:0)
	at android.app.ActivityThread$H.handleMessage(ActivityThread.java:2826)
	at android.os.Handler.dispatchMessage(Handler.java:114)
	at android.os.Looper.loopOnce(Looper.java:274)
	at android.os.Looper.loop(Looper.java:369)
	at android.app.ActivityThread.main(ActivityThread.java:10089)
	at java.lang.reflect.Method.invoke(Native Method)
	at com.android.internal.os.RuntimeInit$MethodAndArgsCaller.run(RuntimeInit.java:616)
	at com.android.internal.os.ZygoteInit.main(ZygoteInit.java:1137)
Caused by: java.lang.ClassNotFoundException: com.miui.misound.mihearingassist.h
	... 32 more

Logd maybe crashed (err=Success), retrying in 1s...
